Archive member included to satisfy reference by file (symbol)

C:/Users/heito/.pico-sdk/toolchain/14_2_Rel1/bin/../lib/gcc/arm-none-eabi/14.2.1/thumb/v6-m/nofp\libgcc.a(_dvmd_tls.o)
                              CMakeFiles/intellitraffic.dir/C_/Users/heito/.pico-sdk/sdk/2.1.1/src/rp2_common/pico_divider/divider_hardware.S.obj (__aeabi_idiv0)
C:/Users/heito/.pico-sdk/toolchain/14_2_Rel1/bin/../lib/gcc/arm-none-eabi/14.2.1/thumb/v6-m/nofp\libg.a(libc_a-calloc.o)
                              CMakeFiles/intellitraffic.dir/C_/Users/heito/.pico-sdk/sdk/2.1.1/src/rp2_common/pico_malloc/malloc.c.obj (calloc)
C:/Users/heito/.pico-sdk/toolchain/14_2_Rel1/bin/../lib/gcc/arm-none-eabi/14.2.1/thumb/v6-m/nofp\libg.a(libc_a-callocr.o)
                              C:/Users/heito/.pico-sdk/toolchain/14_2_Rel1/bin/../lib/gcc/arm-none-eabi/14.2.1/thumb/v6-m/nofp\libg.a(libc_a-calloc.o) (_calloc_r)
C:/Users/heito/.pico-sdk/toolchain/14_2_Rel1/bin/../lib/gcc/arm-none-eabi/14.2.1/thumb/v6-m/nofp\libg.a(libc_a-malloc.o)
                              CMakeFiles/intellitraffic.dir/C_/Users/heito/.pico-sdk/sdk/2.1.1/src/rp2_common/pico_malloc/malloc.c.obj (malloc)
C:/Users/heito/.pico-sdk/toolchain/14_2_Rel1/bin/../lib/gcc/arm-none-eabi/14.2.1/thumb/v6-m/nofp\libg.a(libc_a-mallocr.o)
                              C:/Users/heito/.pico-sdk/toolchain/14_2_Rel1/bin/../lib/gcc/arm-none-eabi/14.2.1/thumb/v6-m/nofp\libg.a(libc_a-callocr.o) (_malloc_r)
C:/Users/heito/.pico-sdk/toolchain/14_2_Rel1/bin/../lib/gcc/arm-none-eabi/14.2.1/thumb/v6-m/nofp\libg.a(libc_a-mlock.o)
                              C:/Users/heito/.pico-sdk/toolchain/14_2_Rel1/bin/../lib/gcc/arm-none-eabi/14.2.1/thumb/v6-m/nofp\libg.a(libc_a-mallocr.o) (__malloc_lock)
C:/Users/heito/.pico-sdk/toolchain/14_2_Rel1/bin/../lib/gcc/arm-none-eabi/14.2.1/thumb/v6-m/nofp\libg.a(libc_a-realloc.o)
                              CMakeFiles/intellitraffic.dir/C_/Users/heito/.pico-sdk/sdk/2.1.1/src/rp2_common/pico_malloc/malloc.c.obj (realloc)
C:/Users/heito/.pico-sdk/toolchain/14_2_Rel1/bin/../lib/gcc/arm-none-eabi/14.2.1/thumb/v6-m/nofp\libg.a(libc_a-reallocr.o)
                              C:/Users/heito/.pico-sdk/toolchain/14_2_Rel1/bin/../lib/gcc/arm-none-eabi/14.2.1/thumb/v6-m/nofp\libg.a(libc_a-realloc.o) (_realloc_r)
C:/Users/heito/.pico-sdk/toolchain/14_2_Rel1/bin/../lib/gcc/arm-none-eabi/14.2.1/thumb/v6-m/nofp\libg.a(libc_a-memcmp.o)
                              CMakeFiles/intellitraffic.dir/C_/Users/heito/.pico-sdk/sdk/2.1.1/src/rp2_common/pico_atomic/atomic.c.obj (memcmp)
C:/Users/heito/.pico-sdk/toolchain/14_2_Rel1/bin/../lib/gcc/arm-none-eabi/14.2.1/thumb/v6-m/nofp\libg.a(libc_a-memmove.o)
                              C:/Users/heito/.pico-sdk/toolchain/14_2_Rel1/bin/../lib/gcc/arm-none-eabi/14.2.1/thumb/v6-m/nofp\libg.a(libc_a-reallocr.o) (memmove)
C:/Users/heito/.pico-sdk/toolchain/14_2_Rel1/bin/../lib/gcc/arm-none-eabi/14.2.1/thumb/v6-m/nofp\libg.a(libc_a-lcltime_r.o)
                              CMakeFiles/intellitraffic.dir/C_/Users/heito/.pico-sdk/sdk/2.1.1/src/common/pico_util/datetime.c.obj (localtime_r)
C:/Users/heito/.pico-sdk/toolchain/14_2_Rel1/bin/../lib/gcc/arm-none-eabi/14.2.1/thumb/v6-m/nofp\libg.a(libc_a-mktime.o)
                              CMakeFiles/intellitraffic.dir/C_/Users/heito/.pico-sdk/sdk/2.1.1/src/common/pico_util/datetime.c.obj (mktime)
C:/Users/heito/.pico-sdk/toolchain/14_2_Rel1/bin/../lib/gcc/arm-none-eabi/14.2.1/thumb/v6-m/nofp\libg.a(libc_a-month_lengths.o)
                              C:/Users/heito/.pico-sdk/toolchain/14_2_Rel1/bin/../lib/gcc/arm-none-eabi/14.2.1/thumb/v6-m/nofp\libg.a(libc_a-lcltime_r.o) (__month_lengths)
C:/Users/heito/.pico-sdk/toolchain/14_2_Rel1/bin/../lib/gcc/arm-none-eabi/14.2.1/thumb/v6-m/nofp\libg.a(libc_a-tzcalc_limits.o)
                              C:/Users/heito/.pico-sdk/toolchain/14_2_Rel1/bin/../lib/gcc/arm-none-eabi/14.2.1/thumb/v6-m/nofp\libg.a(libc_a-lcltime_r.o) (__tzcalc_limits)
C:/Users/heito/.pico-sdk/toolchain/14_2_Rel1/bin/../lib/gcc/arm-none-eabi/14.2.1/thumb/v6-m/nofp\libg.a(libc_a-tzlock.o)
                              C:/Users/heito/.pico-sdk/toolchain/14_2_Rel1/bin/../lib/gcc/arm-none-eabi/14.2.1/thumb/v6-m/nofp\libg.a(libc_a-lcltime_r.o) (__tz_lock)
C:/Users/heito/.pico-sdk/toolchain/14_2_Rel1/bin/../lib/gcc/arm-none-eabi/14.2.1/thumb/v6-m/nofp\libg.a(libc_a-tzset.o)
                              C:/Users/heito/.pico-sdk/toolchain/14_2_Rel1/bin/../lib/gcc/arm-none-eabi/14.2.1/thumb/v6-m/nofp\libg.a(libc_a-lcltime_r.o) (_tzset_unlocked)
C:/Users/heito/.pico-sdk/toolchain/14_2_Rel1/bin/../lib/gcc/arm-none-eabi/14.2.1/thumb/v6-m/nofp\libg.a(libc_a-tzset_r.o)
                              C:/Users/heito/.pico-sdk/toolchain/14_2_Rel1/bin/../lib/gcc/arm-none-eabi/14.2.1/thumb/v6-m/nofp\libg.a(libc_a-tzset.o) (_tzset_unlocked_r)
C:/Users/heito/.pico-sdk/toolchain/14_2_Rel1/bin/../lib/gcc/arm-none-eabi/14.2.1/thumb/v6-m/nofp\libg.a(libc_a-tzvars.o)
[...]
Memory Configuration

Name             Origin             Length             Attributes
FLASH            0x10000000         0x00200000         xr
RAM              0x20000000         0x00040000         xrw
SCRATCH_X        0x20040000         0x00001000         xrw
SCRATCH_Y        0x20041000         0x00001000         xrw
*default*        0x00000000         0xffffffff

Linker script and memory map

LOAD C:/Users/heito/.pico-sdk/toolchain/14_2_Rel1/bin/../lib/gcc/arm-none-eabi/14.2.1/thumb/v6-m/nofp/crti.o
LOAD C:/Users/heito/.pico-sdk/toolchain/14_2_Rel1/bin/../lib/gcc/arm-none-eabi/14.2.1/thumb/v6-m/nofp/crtbegin.o
LOAD C:/Users/heito/.pico-sdk/toolchain/14_2_Rel1/bin/../lib/gcc/arm-none-eabi/14.2.1/thumb/v6-m/nofp/crt0.o

.flash_begin    0x10000000        0x0
                0x10000000                        __flash_binary_start = .

.boot2          0x10000000      0x100
                0x10000000                        __boot2_start__ = .
 *(.boot2)
 .boot2         0x10000000      0x100 pico-sdk/src/rp2040/boot_stage2/CMakeFiles/bs2_default_library.dir/./bs2_default_padded_checksummed.S.obj
                0x10000100                        __boot2_end__ = .
                0x00000001                        ASSERT (((__boot2_end__ - __boot2_start__) == 0x100), ERROR: Pico second stage bootloader must be 256 bytes in size)

.text           0x10000100     0x8f98
                0x10000100                        __logical_binary_start = .
 *(.vectors)
 .vectors       0x10000100       0xd4 CMakeFiles/intellitraffic.dir/C_/Users/heito/.pico-sdk/sdk/2.1.1/src/rp2_common/pico_crt0/crt0.S.obj
                0x10000100                __VECTOR_TABLE
                0x10000100                __vectors
                0x100001c0                isr_invalid
                0x100001c0                __default_isrs_start
                0x100001c2                isr_nmi
                0x100001c4                isr_hardfault
                0x100001c6                isr_svcall
                0x100001c8                isr_pendsv
                0x100001ca                isr_systick
                0x100001cc                isr_irq23
                0x100001cc                isr_irq18
                0x100001cc                isr_irq11
                0x100001cc                isr_irq28
                0x100001cc                isr_irq19
                0x100001cc                isr_irq0
                0x100001cc                isr_irq6
                0x100001cc                isr_irq5
                0x100001cc                isr_irq12
                0x100001cc                isr_irq22
                0x100001cc                isr_irq31
                0x100001cc                isr_irq17
                0x100001cc                isr_irq27
                0x100001cc                isr_irq30
                0x100001cc                isr_irq2
                0x100001cc                isr_irq10
                0x100001cc                isr_irq8
                0x100001cc                isr_irq24
                0x100001cc                isr_irq1
                0x100001cc                isr_irq7
                0x100001cc                isr_irq21
                0x100001cc                isr_irq20
                0x100001cc                isr_irq15
                0x100001cc                isr_irq25
                0x100001cc                isr_irq13
                0x100001cc                __unhandled_user_irq
                0x100001cc                isr_irq4
                0x100001cc                isr_irq16
                0x100001cc                isr_irq29
                0x100001cc                isr_irq26
                0x100001cc                __default_isrs_end
                0x100001cc                isr_irq3
                0x100001cc                isr_irq14
                0x100001cc                isr_irq9
                0x100001d2                unhandled_user_irq_num_in_r0
 *(.binary_info_header)
 .binary_info_header
                0x100001d4       0x14 CMakeFiles/intellitraffic.dir/C_/Users/heito/.pico-sdk/sdk/2.1.1/src/rp2_common/pico_crt0/crt0.S.obj
                0x100001e8                        __binary_info_header_end = .
 *(.embedded_block)
                0x100001e8                        __embedded_block_end = .
 *(.reset)
 .reset         0x100001e8       0x9c CMakeFiles/intellitraffic.dir/C_/Users/heito/.pico-sdk/sdk/2.1.1/src/rp2_common/pico_crt0/crt0.S.obj
                0x100001e8                _entry_point
 *(.init)
 .init          0x10000284        0x4 C:/Users/heito/.pico-sdk/toolchain/14_2_Rel1/bin/../lib/gcc/arm-none-eabi/14.2.1/thumb/v6-m/nofp/crti.o
                0x10000284                _init
 *(EXCLUDE_FILE(*libm.a: *libc.a:*lib_a-mem*.o *libgcc.a:) .text*)
 .text.register_tm_clones
                0x10000288       0x28 C:/Users/heito/.pico-sdk/toolchain/14_2_Rel1/bin/../lib/gcc/arm-none-eabi/14.2.1/thumb/v6-m/nofp/crtbegin.o
 .text.frame_dummy
                0x100002b0       0x24 C:/Users/heito/.pico-sdk/toolchain/14_2_Rel1/bin/../lib/gcc/arm-none-eabi/14.2.1/thumb/v6-m/nofp/crtbegin.o
 .text.vButtonTask
                0x100002d4      0x190 CMakeFiles/intellitraffic.dir/intellitraffic.c.obj
                0x100002d4                vButtonTask
 .text.vTrafficLightTask
                0x10000464      0x40c CMakeFiles/intellitraffic.dir/intellitraffic.c.obj
                0x10000464                vTrafficLightTask
 .text.atualizar_matriz_rgb_invertida
                0x10000870       0xa4 CMakeFiles/intellitraffic.dir/intellitraffic.c.obj
                0x10000870                atualizar_matriz_rgb_invertida
 .text.vLEDMatrixTask
                0x10000914       0x18 CMakeFiles/intellitraffic.dir/intellitraffic.c.obj
                0x10000914                vLEDMatrixTask
 .text.adicionar_texto_informativo
                0x1000092c      0x130 CMakeFiles/intellitraffic.dir/intellitraffic.c.obj
                0x1000092c                adicionar_texto_informativo
 .text.atualizar_display
                0x10000a5c      0x2ec CMakeFiles/intellitraffic.dir/intellitraffic.c.obj
                0x10000a5c                atualizar_display
 .text.vDisplayTask
                0x10000d48       0x1c CMakeFiles/intellitraffic.dir/intellitraffic.c.obj
                0x10000d48                vDisplayTask
 .text.init_display
                0x10000d64       0x5c CMakeFiles/intellitraffic.dir/intellitraffic.c.obj
                0x10000d64                init_display
 .text.tela_inicial
                0x10000dc0      0x1c0 CMakeFiles/intellitraffic.dir/intellitraffic.c.obj
                0x10000dc0                tela_inicial
 .text.vStartupTask
                0x10000f80      0x14c CMakeFiles/intellitraffic.dir/intellitraffic.c.obj
                0x10000f80                vStartupTask
 .text.startup.main
                0x100010cc       0x64 CMakeFiles/intellitraffic.dir/intellitraffic.c.obj
                0x100010cc                main
 .text.ssd1306_init
                0x10001130       0x34 CMakeFiles/intellitraffic.dir/lib/ssd1306.c.obj
                0x10001130                ssd1306_init
 .text.ssd1306_config
                0x10001164      0x1d0 CMakeFiles/intellitraffic.dir/lib/ssd1306.c.obj
                0x10001164                ssd1306_config
 .text.ssd1306_send_data
                0x10001334       0x8c CMakeFiles/intellitraffic.dir/lib/ssd1306.c.obj
                0x10001334                ssd1306_send_data
 .text.ssd1306_fill
                0x100013c0       0x7c CMakeFiles/intellitraffic.dir/lib/ssd1306.c.obj
                0x100013c0                ssd1306_fill
 .text.ssd1306_draw_char
                0x1000143c      0x20c CMakeFiles/intellitraffic.dir/lib/ssd1306.c.obj
                0x1000143c                ssd1306_draw_char
 .text.ssd1306_draw_string
                0x10001648       0x40 CMakeFiles/intellitraffic.dir/lib/ssd1306.c.obj
                0x10001648                ssd1306_draw_string
 .text.gpio_set_function
                0x10001688       0x34 CMakeFiles/intellitraffic.dir/C_/Users/heito/.pico-sdk/sdk/2.1.1/src/rp2_common/hardware_gpio/gpio.c.obj
                0x10001688                gpio_set_function
 .text.gpio_set_pulls
                0x100016bc       0x28 CMakeFiles/intellitraffic.dir/C_/Users/heito/.pico-sdk/sdk/2.1.1/src/rp2_common/hardware_gpio/gpio.c.obj
                0x100016bc                gpio_set_pulls
 .text.gpio_init
                0x100016e4       0x40 CMakeFiles/intellitraffic.dir/C_/Users/heito/.pico-sdk/sdk/2.1.1/src/rp2_common/hardware_gpio/gpio.c.obj
                0x100016e4                gpio_init
 .text.rp2040_chip_version
                0x10001724        0xc CMakeFiles/intellitraffic.dir/C_/Users/heito/.pico-sdk/sdk/2.1.1/src/rp2040/pico_platform/platform.c.obj
                0x10001724                rp2040_chip_version
 .text.panic    0x10001730       0x30 CMakeFiles/intellitraffic.dir/C_/Users/heito/.pico-sdk/sdk/2.1.1/src/rp2_common/pico_platform_panic/panic.c.obj
                0x10001730                panic
 .text.panic_unsupported
                0x10001760        0xc CMakeFiles/intellitraffic.dir/C_/Users/heito/.pico-sdk/sdk/2.1.1/src/rp2_common/pico_platform_panic/panic.c.obj
                0x10001760                panic_unsupported
 .text.hw_claim_lock
                0x1000176c       0x18 CMakeFiles/intellitraffic.dir/C_/Users/heito/.pico-sdk/sdk/2.1.1/src/common/hardware_claim/claim.c.obj
                0x1000176c                hw_claim_lock
 .text.hw_claim_unlock
                0x10001784       0x14 CMakeFiles/intellitraffic.dir/C_/Users/heito/.pico-sdk/sdk/2.1.1/src/common/hardware_claim/claim.c.obj
                0x10001784                hw_claim_unlock
 .text.hw_claim_or_assert
                0x10001798       0x44 CMakeFiles/intellitraffic.dir/C_/Users/heito/.pico-sdk/sdk/2.1.1/src/common/hardware_claim/claim.c.obj
                0x10001798                hw_claim_or_assert
 .text.hw_claim_unused_from_range
                0x100017dc       0x88 CMakeFiles/intellitraffic.dir/C_/Users/heito/.pico-sdk/sdk/2.1.1/src/common/hardware_claim/claim.c.obj
                0x100017dc                hw_claim_unused_from_range
 .text.next_striped_spin_lock_num
                0x10001864       0x18 CMakeFiles/intellitraffic.dir/C_/Users/heito/.pico-sdk/sdk/2.1.1/src/rp2_common/hardware_sync/sync.c.obj
                0x10001864                next_striped_spin_lock_num
 .text.spin_lock_claim_unused
                0x1000187c       0x24 CMakeFiles/intellitraffic.dir/C_/Users/heito/.pico-sdk/sdk/2.1.1/src/rp2_common/hardware_sync/sync.c.obj
                0x1000187c                spin_lock_claim_unused
 .text.spin_locks_reset
                0x100018a0       0x1c CMakeFiles/intellitraffic.dir/C_/Users/heito/.pico-sdk/sdk/2.1.1/src/rp2_common/hardware_sync_spin_lock/sync_spin_lock.c.obj
                0x100018a0                spin_locks_reset
 .text.runtime_init_per_core_irq_priorities
                0x100018bc       0x24 CMakeFiles/intellitraffic.dir/C_/Users/heito/.pico-sdk/sdk/2.1.1/src/rp2_common/hardware_irq/irq.c.obj
                0x100018bc                runtime_init_per_core_irq_priorities
 .text.irq_set_enabled
                0x100018e0       0x24 CMakeFiles/intellitraffic.dir/C_/Users/heito/.pico-sdk/sdk/2.1.1/src/rp2_common/hardware_irq/irq.c.obj
                0x100018e0                irq_set_enabled
 .text.irq_is_enabled
                0x10001904       0x18 CMakeFiles/intellitraffic.dir/C_/Users/heito/.pico-sdk/sdk/2.1.1/src/rp2_common/hardware_irq/irq.c.obj
                0x10001904                irq_is_enabled
 .text.irq_set_pending
                0x1000191c       0x10 CMakeFiles/intellitraffic.dir/C_/Users/heito/.pico-sdk/sdk/2.1.1/src/rp2_common/hardware_irq/irq.c.obj
                0x1000191c                irq_set_pending
 .text.irq_has_shared_handler
                0x1000192c       0x24 CMakeFiles/intellitraffic.dir/C_/Users/heito/.pico-sdk/sdk/2.1.1/src/rp2_common/hardware_irq/irq.c.obj
                0x1000192c                irq_has_shared_handler
 .text.irq_set_exclusive_handler
                0x10001950       0x54 CMakeFiles/intellitraffic.dir/C_/Users/heito/.pico-sdk/sdk/2.1.1/src/rp2_common/hardware_irq/irq.c.obj
                0x10001950                irq_set_exclusive_handler
 .text.irq_add_shared_handler
                0x100019a4      0x1f4 CMakeFiles/intellitraffic.dir/C_/Users/heito/.pico-sdk/sdk/2.1.1/src/rp2_common/hardware_irq/irq.c.obj
                0x100019a4                irq_add_shared_handler
 .text.irq_set_priority
                0x10001b98       0x28 CMakeFiles/intellitraffic.dir/C_/Users/heito/.pico-sdk/sdk/2.1.1/src/rp2_common/hardware_irq/irq.c.obj
                0x10001b98                irq_set_priority
 .text.irq_add_tail_to_free_list
                0x10001bc0       0xb4 CMakeFiles/intellitraffic.dir/C_/Users/heito/.pico-sdk/sdk/2.1.1/src/rp2_common/hardware_irq/irq.c.obj
                0x10001bc0                irq_add_tail_to_free_list
 .text.user_irq_claim_unused
                0x10001c74       0x2c CMakeFiles/intellitraffic.dir/C_/Users/heito/.pico-sdk/sdk/2.1.1/src/rp2_common/hardware_irq/irq.c.obj
                0x10001c74                user_irq_claim_unused
 .text.lock_init
                0x10001ca0       0x10 CMakeFiles/intellitraffic.dir/C_/Users/heito/.pico-sdk/sdk/2.1.1/src/common/pico_sync/lock_core.c.obj
                0x10001ca0                lock_init
 .text.runtime_init_mutex
                0x10001cb0       0x54 CMakeFiles/intellitraffic.dir/C_/Users/heito/.pico-sdk/sdk/2.1.1/src/common/pico_sync/mutex.c.obj
                0x10001cb0                runtime_init_mutex
 .text.mutex_init
                0x10001d04       0x1c CMakeFiles/intellitraffic.dir/C_/Users/heito/.pico-sdk/sdk/2.1.1/src/common/pico_sync/mutex.c.obj
                0x10001d04                mutex_init
 .text.critical_section_init
                0x10001d20       0x1c CMakeFiles/intellitraffic.dir/C_/Users/heito/.pico-sdk/sdk/2.1.1/src/common/pico_sync/critical_section.c.obj
                0x10001d20                critical_section_init
 .text.critical_section_init_with_lock_num
                0x10001d3c       0x14 CMakeFiles/intellitraffic.dir/C_/Users/heito/.pico-sdk/sdk/2.1.1/src/common/pico_sync/critical_section.c.obj
                0x10001d3c                critical_section_init_with_lock_num
 .text.alarm_pool_irq_handler
                0x10001d50      0x300 CMakeFiles/intellitraffic.dir/C_/Users/heito/.pico-sdk/sdk/2.1.1/src/common/pico_time/time.c.obj
 .text.sleep_until_callback
                0x10002050       0x24 CMakeFiles/intellitraffic.dir/C_/Users/heito/.pico-sdk/sdk/2.1.1/src/common/pico_time/time.c.obj
 .text.runtime_init_default_alarm_pool
                0x10002074       0xdc CMakeFiles/intellitraffic.dir/C_/Users/heito/.pico-sdk/sdk/2.1.1/src/common/pico_time/time.c.obj
                0x10002074                runtime_init_default_alarm_pool
 .text.alarm_pool_get_default
                0x10002150        0x8 CMakeFiles/intellitraffic.dir/C_/Users/heito/.pico-sdk/sdk/2.1.1/src/common/pico_time/time.c.obj
                0x10002150                alarm_pool_get_default
 .text.alarm_pool_add_alarm_at
                0x10002158       0xd0 CMakeFiles/intellitraffic.dir/C_/Users/heito/.pico-sdk/sdk/2.1.1/src/common/pico_time/time.c.obj
                0x10002158                alarm_pool_add_alarm_at
 .text.alarm_pool_add_alarm_at_force_in_context
                0x10002228       0xb0 CMakeFiles/intellitraffic.dir/C_/Users/heito/.pico-sdk/sdk/2.1.1/src/common/pico_time/time.c.obj
                0x10002228                alarm_pool_add_alarm_at_force_in_context
 .text.alarm_pool_cancel_alarm
                0x100022d8       0x74 CMakeFiles/intellitraffic.dir/C_/Users/heito/.pico-sdk/sdk/2.1.1/src/common/pico_time/time.c.obj
                0x100022d8                alarm_pool_cancel_alarm
 .text.alarm_pool_core_num
                0x1000234c        0x4 CMakeFiles/intellitraffic.dir/C_/Users/heito/.pico-sdk/sdk/2.1.1/src/common/pico_time/time.c.obj
                0x1000234c                alarm_pool_core_num
 .text.sleep_us
                0x10002350       0xe8 CMakeFiles/intellitraffic.dir/C_/Users/heito/.pico-sdk/sdk/2.1.1/src/common/pico_time/time.c.obj
                0x10002350                sleep_us
 .text.sleep_ms
                0x10002438       0xf8 CMakeFiles/intellitraffic.dir/C_/Users/heito/.pico-sdk/sdk/2.1.1/src/common/pico_time/time.c.obj
                0x10002438                sleep_ms
 .text.best_effort_wfe_or_timeout
                0x10002530      0x10c CMakeFiles/intellitraffic.dir/C_/Users/heito/.pico-sdk/sdk/2.1.1/src/common/pico_time/time.c.obj
                0x10002530                best_effort_wfe_or_timeout
 .text.timer_hardware_alarm_claim
                0x1000263c       0x14 CMakeFiles/intellitraffic.dir/C_/Users/heito/.pico-sdk/sdk/2.1.1/src/rp2_common/hardware_timer/timer.c.obj
                0x1000263c                timer_hardware_alarm_claim
 .text.timer_time_us_64
                0x10002650       0x10 CMakeFiles/intellitraffic.dir/C_/Users/heito/.pico-sdk/sdk/2.1.1/src/rp2_common/hardware_timer/timer.c.obj
                0x10002650                timer_time_us_64
 .text.time_us_64
                0x10002660       0x14 CMakeFiles/intellitraffic.dir/C_/Users/heito/.pico-sdk/sdk/2.1.1/src/rp2_common/hardware_timer/timer.c.obj
                0x10002660                time_us_64
 .text.busy_wait_until
                0x10002674       0x20 CMakeFiles/intellitraffic.dir/C_/Users/heito/.pico-sdk/sdk/2.1.1/src/rp2_common/hardware_timer/timer.c.obj
                0x10002674                busy_wait_until
 .text.clock_configure_int_divider
                0x10002694       0xf4 CMakeFiles/intellitraffic.dir/C_/Users/heito/.pico-sdk/sdk/2.1.1/src/rp2_common/hardware_clocks/clocks.c.obj
                0x10002694                clock_configure_int_divider
 .text.clock_configure_undivided
                0x10002788       0xe8 CMakeFiles/intellitraffic.dir/C_/Users/heito/.pico-sdk/sdk/2.1.1/src/rp2_common/hardware_clocks/clocks.c.obj
                0x10002788                clock_configure_undivided
 .text.clock_get_hz
                0x10002870        0xc CMakeFiles/intellitraffic.dir/C_/Users/heito/.pico-sdk/sdk/2.1.1/src/rp2_common/hardware_clocks/clocks.c.obj
                0x10002870                clock_get_hz
 .text.pll_init
                0x1000287c       0xa4 CMakeFiles/intellitraffic.dir/C_/Users/heito/.pico-sdk/sdk/2.1.1/src/rp2_common/hardware_pll/pll.c.obj
                0x1000287c                pll_init
 .text.watchdog_reboot
                0x10002920       0x9c CMakeFiles/intellitraffic.dir/C_/Users/heito/.pico-sdk/sdk/2.1.1/src/rp2_common/hardware_watchdog/watchdog.c.obj
                0x10002920                watchdog_reboot
 .text.tick_start
                0x100029bc       0x10 CMakeFiles/intellitraffic.dir/C_/Users/heito/.pico-sdk/sdk/2.1.1/src/rp2_common/hardware_ticks/ticks.c.obj
                0x100029bc                tick_start
 .text.rom_func_lookup
                0x100029cc       0x10 CMakeFiles/intellitraffic.dir/C_/Users/heito/.pico-sdk/sdk/2.1.1/src/rp2_common/pico_bootrom/bootrom.c.obj
                0x100029cc                rom_func_lookup
 .text.rom_data_lookup
                0x100029dc       0x10 CMakeFiles/intellitraffic.dir/C_/Users/heito/.pico-sdk/sdk/2.1.1/src/rp2_common/pico_bootrom/bootrom.c.obj
                0x100029dc                rom_data_lookup
 .text.rom_funcs_lookup
                0x100029ec       0x44 CMakeFiles/intellitraffic.dir/C_/Users/heito/.pico-sdk/sdk/2.1.1/src/rp2_common/pico_bootrom/bootrom.c.obj
                0x100029ec                rom_funcs_lookup
 .text.rom_reset_usb_boot_extra
                0x10002a30       0x24 CMakeFiles/intellitraffic.dir/C_/Users/heito/.pico-sdk/sdk/2.1.1/src/rp2_common/pico_bootrom/bootrom.c.obj
                0x10002a30                rom_reset_usb_boot_extra
 .text.xosc_init
                0x10002a54       0x28 CMakeFiles/intellitraffic.dir/C_/Users/heito/.pico-sdk/sdk/2.1.1/src/rp2_common/hardware_xosc/xosc.c.obj
                0x10002a54                xosc_init
 .text.first_per_core_initializer
                0x10002a7c        0x4 CMakeFiles/intellitraffic.dir/C_/Users/heito/.pico-sdk/sdk/2.1.1/src/rp2_common/pico_runtime/runtime.c.obj
 .text.hard_assertion_failure
                0x10002a80        0xc CMakeFiles/intellitraffic.dir/C_/Users/heito/.pico-sdk/sdk/2.1.1/src/rp2_common/pico_runtime/runtime.c.obj
                0x10002a80                hard_assertion_failure
 .text.runtime_run_initializers
                0x10002a8c       0x28 CMakeFiles/intellitraffic.dir/C_/Users/heito/.pico-sdk/sdk/2.1.1/src/rp2_common/pico_runtime/runtime.c.obj
                0x10002a8c                runtime_run_initializers
 .text.runtime_init_early_resets
                0x10002ab4       0x2c CMakeFiles/intellitraffic.dir/C_/Users/heito/.pico-sdk/sdk/2.1.1/src/rp2_common/pico_runtime_init/runtime_init.c.obj
                0x10002ab4                runtime_init_early_resets
 .text.runtime_init_usb_power_down
                0x10002ae0       0x1c CMakeFiles/intellitraffic.dir/C_/Users/heito/.pico-sdk/sdk/2.1.1/src/rp2_common/pico_runtime_init/runtime_init.c.obj
                0x10002ae0                runtime_init_usb_power_down
 .text.runtime_init_post_clock_resets
                0x10002afc       0x20 CMakeFiles/intellitraffic.dir/C_/Users/heito/.pico-sdk/sdk/2.1.1/src/rp2_common/pico_runtime_init/runtime_init.c.obj
                0x10002afc                runtime_init_post_clock_resets
 .text.runtime_init_rp2040_gpio_ie_disable
                0x10002b1c       0x14 CMakeFiles/intellitraffic.dir/C_/Users/heito/.pico-sdk/sdk/2.1.1/src/rp2_common/pico_runtime_init/runtime_init.c.obj
                0x10002b1c                runtime_init_rp2040_gpio_ie_disable
 .text.runtime_init_spin_locks_reset
                0x10002b30        0x8 CMakeFiles/intellitraffic.dir/C_/Users/heito/.pico-sdk/sdk/2.1.1/src/rp2_common/pico_runtime_init/runtime_init.c.obj
                0x10002b30                runtime_init_spin_locks_reset
 .text.runtime_init_install_ram_vector_table
                0x10002b38       0x1c CMakeFiles/intellitraffic.dir/C_/Users/heito/.pico-sdk/sdk/2.1.1/src/rp2_common/pico_runtime_init/runtime_init.c.obj
                0x10002b38                runtime_init_install_ram_vector_table
 .text.runtime_init_clocks
                0x10002b54       0xd8 CMakeFiles/intellitraffic.dir/C_/Users/heito/.pico-sdk/sdk/2.1.1/src/rp2_common/pico_runtime_init/runtime_init_clocks.c.obj
                0x10002b54                runtime_init_clocks
 .text          0x10002c2c       0x10 CMakeFiles/intellitraffic.dir/C_/Users/heito/.pico-sdk/sdk/2.1.1/src/rp2_common/pico_bit_ops/bit_ops_aeabi.S.obj
 .text.__wrap___aeabi_idiv
                0x10002c3c       0x50 CMakeFiles/intellitraffic.dir/C_/Users/heito/.pico-sdk/sdk/2.1.1/src/rp2_common/pico_divider/divider_hardware.S.obj
                0x10002c3c                __wrap___aeabi_idivmod
                0x10002c3c                divmod_s32s32
                0x10002c3c                div_s32s32
                0x10002c3c                __wrap___aeabi_idiv
                0x10002c44                divmod_s32s32_unsafe
                0x10002c70                divmod_s32s32_savestate
 .text.__wrap___aeabi_uidiv
                0x10002c8c       0x4c CMakeFiles/intellitraffic.dir/C_/Users/heito/.pico-sdk/sdk/2.1.1/src/rp2_common/pico_divider/divider_hardware.S.obj
                0x10002c8c                __wrap___aeabi_uidiv
                0x10002c8c                __wrap___aeabi_uidivmod
                0x10002c8c                div_u32u32
                0x10002c8c                divmod_u32u32
                0x10002c94                divmod_u32u32_unsafe
                0x10002cbc                divmod_u32u32_savestate
 .text.__wrap___aeabi_ldiv
                0x10002cd8      0x424 CMakeFiles/intellitraffic.dir/C_/Users/heito/.pico-sdk/sdk/2.1.1/src/rp2_common/pico_divider/divider_hardware.S.obj
                0x10002cd8                div_s64s64
                0x10002cd8                divmod_s64s64
                0x10002cd8                __wrap___aeabi_ldivmod
                0x10002d08                divmod_u64u64
                0x10002d08                div_u64u64
                0x10002d08                __wrap___aeabi_uldivmod
                0x10002d18                divmod_u64u64_savestate
                0x10002d38                divmod_s64s64_unsafe
                0x10002dc0                divmod_u64u64_unsafe
 .text.missing_double_func_shim
                0x100030fc        0xc CMakeFiles/intellitraffic.dir/C_/Users/heito/.pico-sdk/sdk/2.1.1/src/rp2_common/pico_double/double_init_rom_rp2040.c.obj
 .text.__aeabi_double_init
                0x10003108       0xa0 CMakeFiles/intellitraffic.dir/C_/Users/heito/.pico-sdk/sdk/2.1.1/src/rp2_common/pico_double/double_init_rom_rp2040.c.obj
                0x10003108                __aeabi_double_init
 .text.double_table_shim_on_use_helper
                0x100031a8       0x2c CMakeFiles/intellitraffic.dir/C_/Users/heito/.pico-sdk/sdk/2.1.1/src/rp2_common/pico_double/double_v1_rom_shim_rp2040.S.obj
                0x100031a8                double_table_shim_on_use_helper
 .text.__aeabi_lmul
                0x100031d4       0x32 CMakeFiles/intellitraffic.dir/C_/Users/heito/.pico-sdk/sdk/2.1.1/src/rp2_common/pico_int64_ops/pico_int64_ops_aeabi.S.obj
                0x100031d4                __wrap___aeabi_lmul
 *fill*         0x10003206        0x2 
 .text.__wrap___aeabi_farithmetic
                0x10003208       0x48 CMakeFiles/intellitraffic.dir/C_/Users/heito/.pico-sdk/sdk/2.1.1/src/rp2_common/pico_float/float_aeabi_rp2040.S.obj
                0x10003208                __wrap___aeabi_frsub
                0x1000320e                __wrap___aeabi_fsub
                0x10003214                __wrap___aeabi_fadd
                0x1000321a                __wrap___aeabi_fdiv
                0x10003242                __wrap___aeabi_fmul
 .text.__wrap___aeabi_ui2f
                0x10003250        0xa CMakeFiles/intellitraffic.dir/C_/Users/heito/.pico-sdk/sdk/2.1.1/src/rp2_common/pico_float/float_aeabi_rp2040.S.obj
                0x10003250                __wrap___aeabi_ui2f
                0x10003250                uint2float
 *fill*         0x1000325a        0x2 
 .text.__wrap___aeabi_i2f
                0x1000325c       0x44 CMakeFiles/intellitraffic.dir/C_/Users/heito/.pico-sdk/sdk/2.1.1/src/rp2_common/pico_float/float_aeabi_rp2040.S.obj
                0x1000325c                __wrap___aeabi_i2f
                0x1000325c                int2float
 .text.__wrap___aeabi_f2uiz
                0x100032a0        0xc CMakeFiles/intellitraffic.dir/C_/Users/heito/.pico-sdk/sdk/2.1.1/src/rp2_common/pico_float/float_aeabi_rp2040.S.obj
                0x100032a0                float2uint_z
                0x100032a0                __wrap___aeabi_f2uiz
                0x100032a0                float2uint
 .text.missing_float_func_shim
                0x100032ac        0xc CMakeFiles/intellitraffic.dir/C_/Users/heito/.pico-sdk/sdk/2.1.1/src/rp2_common/pico_float/float_init_rom_rp2040.c.obj
 .text.__aeabi_float_init
                0x100032b8       0x5c CMakeFiles/intellitraffic.dir/C_/Users/heito/.pico-sdk/sdk/2.1.1/src/rp2_common/pico_float/float_init_rom_rp2040.c.obj
                0x100032b8                __aeabi_float_init
 .text.__wrap_calloc
                0x10003314       0x44 CMakeFiles/intellitraffic.dir/C_/Users/heito/.pico-sdk/sdk/2.1.1/src/rp2_common/pico_malloc/malloc.c.obj
                0x10003314                __wrap_calloc
 .text          0x10003358       0x10 CMakeFiles/intellitraffic.dir/C_/Users/heito/.pico-sdk/sdk/2.1.1/src/rp2_common/pico_mem_ops/mem_ops_aeabi.S.obj
                0x10003358                __aeabi_mem_init
 .text.memset   0x10003368        0xc CMakeFiles/intellitraffic.dir/C_/Users/heito/.pico-sdk/sdk/2.1.1/src/rp2_common/pico_mem_ops/mem_ops_aeabi.S.obj
                0x10003368                __wrap_memset
 .text.memcpy   0x10003374        0xc CMakeFiles/intellitraffic.dir/C_/Users/heito/.pico-sdk/sdk/2.1.1/src/rp2_common/pico_mem_ops/mem_ops_aeabi.S.obj
                0x10003374                __wrap_memcpy
                0x10003374                __wrap___aeabi_memcpy
 .text._out_char
                0x10003380       0x10 CMakeFiles/intellitraffic.dir/C_/Users/heito/.pico-sdk/sdk/2.1.1/src/rp2_common/pico_printf/printf.c.obj
 .text.weak_raw_vprintf
                0x10003390       0x30 CMakeFiles/intellitraffic.dir/C_/Users/heito/.pico-sdk/sdk/2.1.1/src/rp2_common/pico_printf/printf.c.obj
                0x10003390                weak_raw_vprintf
 .text._exit    0x100033c0        0x4 CMakeFiles/intellitraffic.dir/C_/Users/heito/.pico-sdk/sdk/2.1.1/src/rp2_common/pico_clib_interface/newlib_interface.c.obj
                0x100033c0                _exit
 .text._sbrk    0x100033c4       0x34 CMakeFiles/intellitraffic.dir/C_/Users/heito/.pico-sdk/sdk/2.1.1/src/rp2_common/pico_clib_interface/newlib_interface.c.obj
                0x100033c4                _sbrk
 .text.exit     0x100033f8        0x8 CMakeFiles/intellitraffic.dir/C_/Users/heito/.pico-sdk/sdk/2.1.1/src/rp2_common/pico_clib_interface/newlib_interface.c.obj
                0x100033f8                exit
 .text.runtime_init
                0x10003400       0x2c CMakeFiles/intellitraffic.dir/C_/Users/heito/.pico-sdk/sdk/2.1.1/src/rp2_common/pico_clib_interface/newlib_interface.c.obj
                0x10003400                runtime_init
 .text.stdio_out_chars_no_crlf
                0x1000342c       0x10 CMakeFiles/intellitraffic.dir/C_/Users/heito/.pico-sdk/sdk/2.1.1/src/rp2_common/pico_stdio/stdio.c.obj
 .text.stdio_out_chars_crlf
                0x1000343c       0xb0 CMakeFiles/intellitraffic.dir/C_/Users/heito/.pico-sdk/sdk/2.1.1/src/rp2_common/pico_stdio/stdio.c.obj
 .text.stdio_put_string
                0x100034ec       0xfc CMakeFiles/intellitraffic.dir/C_/Users/heito/.pico-sdk/sdk/2.1.1/src/rp2_common/pico_stdio/stdio.c.obj
                0x100034ec                stdio_put_string
 .text.stdio_set_driver_enabled
                0x100035e8       0x30 CMakeFiles/intellitraffic.dir/C_/Users/heito/.pico-sdk/sdk/2.1.1/src/rp2_common/pico_stdio/stdio.c.obj
                0x100035e8                stdio_set_driver_enabled
 .text.stdio_init_all
                0x10003618        0x8 CMakeFiles/intellitraffic.dir/C_/Users/heito/.pico-sdk/sdk/2.1.1/src/rp2_common/pico_stdio/stdio.c.obj
                0x10003618                stdio_init_all
 .text.__wrap_putchar
                0x10003620       0x94 CMakeFiles/intellitraffic.dir/C_/Users/heito/.pico-sdk/sdk/2.1.1/src/rp2_common/pico_stdio/stdio.c.obj
                0x10003620                __wrap_putchar
                0x10003620                stdio_putchar
 .text.__wrap_puts
                0x100036b4       0x3c CMakeFiles/intellitraffic.dir/C_/Users/heito/.pico-sdk/sdk/2.1.1/src/rp2_common/pico_stdio/stdio.c.obj
                0x100036b4                stdio_puts
                0x100036b4                __wrap_puts
 .text.resetd_init
                0x100036f0        0x4 CMakeFiles/intellitraffic.dir/C_/Users/heito/.pico-sdk/sdk/2.1.1/src/rp2_common/pico_stdio_usb/reset_interface.c.obj
 .text.resetd_reset
                0x100036f4        0xc CMakeFiles/intellitraffic.dir/C_/Users/heito/.pico-sdk/sdk/2.1.1/src/rp2_common/pico_stdio_usb/reset_interface.c.obj
 .text.resetd_open
                0x10003700       0x28 CMakeFiles/intellitraffic.dir/C_/Users/heito/.pico-sdk/sdk/2.1.1/src/rp2_common/pico_stdio_usb/reset_interface.c.obj
 .text.resetd_xfer_cb
                0x10003728        0x4 CMakeFiles/intellitraffic.dir/C_/Users/heito/.pico-sdk/sdk/2.1.1/src/rp2_common/pico_stdio_usb/reset_interface.c.obj
 .text.resetd_control_xfer_cb
                0x1000372c       0x54 CMakeFiles/intellitraffic.dir/C_/Users/heito/.pico-sdk/sdk/2.1.1/src/rp2_common/pico_stdio_usb/reset_interface.c.obj
 .text.tud_descriptor_bos_cb
                0x10003780        0x8 CMakeFiles/intellitraffic.dir/C_/Users/heito/.pico-sdk/sdk/2.1.1/src/rp2_common/pico_stdio_usb/reset_interface.c.obj
                0x10003780                tud_descriptor_bos_cb
 .text.tud_vendor_control_xfer_cb
                0x10003788       0x34 CMakeFiles/intellitraffic.dir/C_/Users/heito/.pico-sdk/sdk/2.1.1/src/rp2_common/pico_stdio_usb/reset_interface.c.obj
                0x10003788                tud_vendor_control_xfer_cb
 .text.usbd_app_driver_get_cb
                0x100037bc        0xc CMakeFiles/intellitraffic.dir/C_/Users/heito/.pico-sdk/sdk/2.1.1/src/rp2_common/pico_stdio_usb/reset_interface.c.obj
                0x100037bc                usbd_app_driver_get_cb
 .text.tud_cdc_line_coding_cb
                0x100037c8       0x2c CMakeFiles/intellitraffic.dir/C_/Users/heito/.pico-sdk/sdk/2.1.1/src/rp2_common/pico_stdio_usb/reset_interface.c.obj
                0x100037c8                tud_cdc_line_coding_cb
 .text.stdio_usb_set_chars_available_callback
                0x100037f4       0x14 CMakeFiles/intellitraffic.dir/C_/Users/heito/.pico-sdk/sdk/2.1.1/src/rp2_common/pico_stdio_usb/stdio_usb.c.obj
                0x100037f4                stdio_usb_set_chars_available_callback
 .text.usb_irq  0x10003808       0x10 CMakeFiles/intellitraffic.dir/C_/Users/heito/.pico-sdk/sdk/2.1.1/src/rp2_common/pico_stdio_usb/stdio_usb.c.obj
 .text.timer_task
                0x10003818       0x64 CMakeFiles/intellitraffic.dir/C_/Users/heito/.pico-sdk/sdk/2.1.1/src/rp2_common/pico_stdio_usb/stdio_usb.c.obj
 .text.stdio_usb_in_chars
                0x1000387c       0x8c CMakeFiles/intellitraffic.dir/C_/Users/heito/.pico-sdk/sdk/2.1.1/src/rp2_common/pico_stdio_usb/stdio_usb.c.obj
                0x1000387c                stdio_usb_in_chars
 .text.stdio_usb_out_flush
                0x10003908       0x4c CMakeFiles/intellitraffic.dir/C_/Users/heito/.pico-sdk/sdk/2.1.1/src/rp2_common/pico_stdio_usb/stdio_usb.c.obj
 .text.stdio_usb_out_chars
                0x10003954      0x100 CMakeFiles/intellitraffic.dir/C_/Users/heito/.pico-sdk/sdk/2.1.1/src/rp2_common/pico_stdio_usb/stdio_usb.c.obj
 .text.low_priority_worker_irq
                0x10003a54       0xc8 CMakeFiles/intellitraffic.dir/C_/Users/heito/.pico-sdk/sdk/2.1.1/src/rp2_common/pico_stdio_usb/stdio_usb.c.obj
 .text.stdio_usb_init
                0x10003b1c       0xe8 CMakeFiles/intellitraffic.dir/C_/Users/heito/.pico-sdk/sdk/2.1.1/src/rp2_common/pico_stdio_usb/stdio_usb.c.obj
                0x10003b1c                stdio_usb_init
 .text.tud_descriptor_device_cb
                0x10003c04        0x8 CMakeFiles/intellitraffic.dir/C_/Users/heito/.pico-sdk/sdk/2.1.1/src/rp2_common/pico_stdio_usb/stdio_usb_descriptors.c.obj
                0x10003c04                tud_descriptor_device_cb
 .text.tud_descriptor_configuration_cb
                0x10003c0c        0x8 CMakeFiles/intellitraffic.dir/C_/Users/heito/.pico-sdk/sdk/2.1.1/src/rp2_common/pico_stdio_usb/stdio_usb_descriptors.c.obj
                0x10003c0c                tud_descriptor_configuration_cb
 .text.tud_descriptor_string_cb
                0x10003c14       0x78 CMakeFiles/intellitraffic.dir/C_/Users/heito/.pico-sdk/sdk/2.1.1/src/rp2_common/pico_stdio_usb/stdio_usb_descriptors.c.obj
                0x10003c14                tud_descriptor_string_cb
 .text.startup._retrieve_unique_id_on_boot
                0x10003c8c       0x10 CMakeFiles/intellitraffic.dir/C_/Users/heito/.pico-sdk/sdk/2.1.1/src/rp2_common/pico_unique_id/unique_id.c.obj
 .text.pico_get_unique_board_id_string
                0x10003c9c      0x1a8 CMakeFiles/intellitraffic.dir/C_/Users/heito/.pico-sdk/sdk/2.1.1/src/rp2_common/pico_unique_id/unique_id.c.obj
                0x10003c9c                pico_get_unique_board_id_string
 .text.flash_get_unique_id
                0x10003e44       0x3c CMakeFiles/intellitraffic.dir/C_/Users/heito/.pico-sdk/sdk/2.1.1/src/rp2_common/hardware_flash/flash.c.obj
                0x10003e44                flash_get_unique_id
 .text.dcd_init
                0x10003e80       0x90 CMakeFiles/intellitraffic.dir/C_/Users/heito/.pico-sdk/sdk/2.1.1/lib/tinyusb/src/portable/raspberrypi/rp2040/dcd_rp2040.c.obj
                0x10003e80                dcd_init
 .text.dcd_int_enable
                0x10003f10        0xc CMakeFiles/intellitraffic.dir/C_/Users/heito/.pico-sdk/sdk/2.1.1/lib/tinyusb/src/portable/raspberrypi/rp2040/dcd_rp2040.c.obj
                0x10003f10                dcd_int_enable
 .text.dcd_set_address
                0x10003f1c       0x14 CMakeFiles/intellitraffic.dir/C_/Users/heito/.pico-sdk/sdk/2.1.1/lib/tinyusb/src/portable/raspberrypi/rp2040/dcd_rp2040.c.obj
                0x10003f1c                dcd_set_address
 .text.dcd_sof_enable
                0x10003f30       0x1c CMakeFiles/intellitraffic.dir/C_/Users/heito/.pico-sdk/sdk/2.1.1/lib/tinyusb/src/portable/raspberrypi/rp2040/dcd_rp2040.c.obj
                0x10003f30                dcd_sof_enable
 .text.dcd_edpt0_status_complete
                0x10003f4c       0x1c CMakeFiles/intellitraffic.dir/C_/Users/heito/.pico-sdk/sdk/2.1.1/lib/tinyusb/src/portable/raspberrypi/rp2040/dcd_rp2040.c.obj
                0x10003f4c                dcd_edpt0_status_complete
 .text.dcd_edpt_open
                0x10003f68      0x114 CMakeFiles/intellitraffic.dir/C_/Users/heito/.pico-sdk/sdk/2.1.1/lib/tinyusb/src/portable/raspberrypi/rp2040/dcd_rp2040.c.obj
                0x10003f68                dcd_edpt_open
 .text.dcd_edpt_close_all
                0x1000407c        0x8 CMakeFiles/intellitraffic.dir/C_/Users/heito/.pico-sdk/sdk/2.1.1/lib/tinyusb/src/portable/raspberrypi/rp2040/dcd_rp2040.c.obj
                0x1000407c                dcd_edpt_close_all
 .text.dcd_edpt_xfer
                0x10004084       0x24 CMakeFiles/intellitraffic.dir/C_/Users/heito/.pico-sdk/sdk/2.1.1/lib/tinyusb/src/portable/raspberrypi/rp2040/dcd_rp2040.c.obj
                0x10004084                dcd_edpt_xfer
 .text.dcd_edpt_stall
                0x100040a8       0x3c CMakeFiles/intellitraffic.dir/C_/Users/heito/.pico-sdk/sdk/2.1.1/lib/tinyusb/src/portable/raspberrypi/rp2040/dcd_rp2040.c.obj
                0x100040a8                dcd_edpt_stall
 .text.dcd_edpt_clear_stall
                0x100040e4       0x30 CMakeFiles/intellitraffic.dir/C_/Users/heito/.pico-sdk/sdk/2.1.1/lib/tinyusb/src/portable/raspberrypi/rp2040/dcd_rp2040.c.obj
                0x100040e4                dcd_edpt_clear_stall
 .text.rp2040_usb_init
                0x10004114       0x40 CMakeFiles/intellitraffic.dir/C_/Users/heito/.pico-sdk/sdk/2.1.1/lib/tinyusb/src/portable/raspberrypi/rp2040/rp2040_usb.c.obj
                0x10004114                rp2040_usb_init
 .text.hw_endpoint_xfer_start
                0x10004154       0x40 CMakeFiles/intellitraffic.dir/C_/Users/heito/.pico-sdk/sdk/2.1.1/lib/tinyusb/src/portable/raspberrypi/rp2040/rp2040_usb.c.obj
                0x10004154                hw_endpoint_xfer_start
 .text.tud_event_hook_cb
                0x10004194        0x4 CMakeFiles/intellitraffic.dir/C_/Users/heito/.pico-sdk/sdk/2.1.1/lib/tinyusb/src/device/usbd.c.obj
                0x10004194                tud_event_hook_cb
 .text.tud_sof_cb
                0x10004198        0x4 CMakeFiles/intellitraffic.dir/C_/Users/heito/.pico-sdk/sdk/2.1.1/lib/tinyusb/src/device/usbd.c.obj
                0x10004198                tud_sof_cb
 .text.tud_descriptor_device_qualifier_cb
                0x1000419c        0x4 CMakeFiles/intellitraffic.dir/C_/Users/heito/.pico-sdk/sdk/2.1.1/lib/tinyusb/src/device/usbd.c.obj
                0x1000419c                tud_descriptor_device_qualifier_cb
 .text.tud_descriptor_other_speed_configuration_cb
                0x100041a0        0x4 CMakeFiles/intellitraffic.dir/C_/Users/heito/.pico-sdk/sdk/2.1.1/lib/tinyusb/src/device/usbd.c.obj
                0x100041a0                tud_descriptor_other_speed_configuration_cb
 .text.tud_mount_cb
                0x100041a4        0x4 CMakeFiles/intellitraffic.dir/C_/Users/heito/.pico-sdk/sdk/2.1.1/lib/tinyusb/src/device/usbd.c.obj
                0x100041a4                tud_mount_cb
 .text.tud_umount_cb
                0x100041a8        0x4 CMakeFiles/intellitraffic.dir/C_/Users/heito/.pico-sdk/sdk/2.1.1/lib/tinyusb/src/device/usbd.c.obj
                0x100041a8                tud_umount_cb
 .text.tud_suspend_cb
                0x100041ac        0x4 CMakeFiles/intellitraffic.dir/C_/Users/heito/.pico-sdk/sdk/2.1.1/lib/tinyusb/src/device/usbd.c.obj
                0x100041ac                tud_suspend_cb
 .text.tud_resume_cb
                0x100041b0        0x4 CMakeFiles/intellitraffic.dir/C_/Users/heito/.pico-sdk/sdk/2.1.1/lib/tinyusb/src/device/usbd.c.obj
                0x100041b0                tud_resume_cb
 .text.tud_mounted
                0x100041b4       0x10 CMakeFiles/intellitraffic.dir/C_/Users/heito/.pico-sdk/sdk/2.1.1/lib/tinyusb/src/device/usbd.c.obj
                0x100041b4                tud_mounted
 .text.tud_suspended
                0x100041c4       0x10 CMakeFiles/intellitraffic.dir/C_/Users/heito/.pico-sdk/sdk/2.1.1/lib/tinyusb/src/device/usbd.c.obj
                0x100041c4                tud_suspended
 .text.tud_rhport_init
                0x100041d4       0xf4 CMakeFiles/intellitraffic.dir/C_/Users/heito/.pico-sdk/sdk/2.1.1/lib/tinyusb/src/device/usbd.c.obj
                0x100041d4                tud_rhport_init
 .text.tud_task_ext
                0x100042c8      0x800 CMakeFiles/intellitraffic.dir/C_/Users/heito/.pico-sdk/sdk/2.1.1/lib/tinyusb/src/device/usbd.c.obj
                0x100042c8                tud_task_ext
 .text.usbd_open_edpt_pair
                0x10004ac8       0x9c CMakeFiles/intellitraffic.dir/C_/Users/heito/.pico-sdk/sdk/2.1.1/lib/tinyusb/src/device/usbd.c.obj
                0x10004ac8                usbd_open_edpt_pair
 .text.usbd_edpt_open
                0x10004b64       0x34 CMakeFiles/intellitraffic.dir/C_/Users/heito/.pico-sdk/sdk/2.1.1/lib/tinyusb/src/device/usbd.c.obj
                0x10004b64                usbd_edpt_open
 .text.usbd_edpt_claim
                0x10004b98       0x28 CMakeFiles/intellitraffic.dir/C_/Users/heito/.pico-sdk/sdk/2.1.1/lib/tinyusb/src/device/usbd.c.obj
                0x10004b98                usbd_edpt_claim
 .text.usbd_edpt_release
                0x10004bc0       0x28 CMakeFiles/intellitraffic.dir/C_/Users/heito/.pico-sdk/sdk/2.1.1/lib/tinyusb/src/device/usbd.c.obj
                0x10004bc0                usbd_edpt_release
 .text.usbd_edpt_xfer
                0x10004be8       0x4c CMakeFiles/intellitraffic.dir/C_/Users/heito/.pico-sdk/sdk/2.1.1/lib/tinyusb/src/device/usbd.c.obj
                0x10004be8                usbd_edpt_xfer
 .text.tud_control_status
                0x10004c34       0x2c CMakeFiles/intellitraffic.dir/C_/Users/heito/.pico-sdk/sdk/2.1.1/lib/tinyusb/src/device/usbd_control.c.obj
                0x10004c34                tud_control_status
 .text.tud_control_xfer
                0x10004c60       0xa8 CMakeFiles/intellitraffic.dir/C_/Users/heito/.pico-sdk/sdk/2.1.1/lib/tinyusb/src/device/usbd_control.c.obj
                0x10004c60                tud_control_xfer
 .text.usbd_control_reset
                0x10004d08       0x14 CMakeFiles/intellitraffic.dir/C_/Users/heito/.pico-sdk/sdk/2.1.1/lib/tinyusb/src/device/usbd_control.c.obj
                0x10004d08                usbd_control_reset
 .text.usbd_control_set_complete_callback
                0x10004d1c        0xc CMakeFiles/intellitraffic.dir/C_/Users/heito/.pico-sdk/sdk/2.1.1/lib/tinyusb/src/device/usbd_control.c.obj
                0x10004d1c                usbd_control_set_complete_callback
 .text.usbd_control_set_request
                0x10004d28       0x1c CMakeFiles/intellitraffic.dir/C_/Users/heito/.pico-sdk/sdk/2.1.1/lib/tinyusb/src/device/usbd_control.c.obj
                0x10004d28                usbd_control_set_request
 .text.usbd_control_xfer_cb
                0x10004d44       0xec CMakeFiles/intellitraffic.dir/C_/Users/heito/.pico-sdk/sdk/2.1.1/lib/tinyusb/src/device/usbd_control.c.obj
                0x10004d44                usbd_control_xfer_cb
 .text._prep_out_transaction.isra.0
                0x10004e30       0x6c CMakeFiles/intellitraffic.dir/C_/Users/heito/.pico-sdk/sdk/2.1.1/lib/tinyusb/src/class/cdc/cdc_device.c.obj
 .text.tud_cdc_n_connected
                0x10004e9c       0x2c CMakeFiles/intellitraffic.dir/C_/Users/heito/.pico-sdk/sdk/2.1.1/lib/tinyusb/src/class/cdc/cdc_device.c.obj
                0x10004e9c                tud_cdc_n_connected
 .text.tud_cdc_n_available
                0x10004ec8       0x14 CMakeFiles/intellitraffic.dir/C_/Users/heito/.pico-sdk/sdk/2.1.1/lib/tinyusb/src/class/cdc/cdc_device.c.obj
                0x10004ec8                tud_cdc_n_available
 .text.tud_cdc_n_read
                0x10004edc       0x88 CMakeFiles/intellitraffic.dir/C_/Users/heito/.pico-sdk/sdk/2.1.1/lib/tinyusb/src/class/cdc/cdc_device.c.obj
                0x10004edc                tud_cdc_n_read
 .text.tud_cdc_n_write_flush
                0x10004f64       0x74 CMakeFiles/intellitraffic.dir/C_/Users/heito/.pico-sdk/sdk/2.1.1/lib/tinyusb/src/class/cdc/cdc_device.c.obj
                0x10004f64                tud_cdc_n_write_flush
 .text.tud_cdc_n_write
                0x10004fd8       0x40 CMakeFiles/intellitraffic.dir/C_/Users/heito/.pico-sdk/sdk/2.1.1/lib/tinyusb/src/class/cdc/cdc_device.c.obj
                0x10004fd8                tud_cdc_n_write
 .text.tud_cdc_n_write_available
                0x10005018       0x14 CMakeFiles/intellitraffic.dir/C_/Users/heito/.pico-sdk/sdk/2.1.1/lib/tinyusb/src/class/cdc/cdc_device.c.obj
                0x10005018                tud_cdc_n_write_available
 .text.cdcd_init
                0x1000502c       0x70 CMakeFiles/intellitraffic.dir/C_/Users/heito/.pico-sdk/sdk/2.1.1/lib/tinyusb/src/class/cdc/cdc_device.c.obj
                0x1000502c                cdcd_init
 .text.cdcd_deinit
                0x1000509c       0x30 CMakeFiles/intellitraffic.dir/C_/Users/heito/.pico-sdk/sdk/2.1.1/lib/tinyusb/src/class/cdc/cdc_device.c.obj
                0x1000509c                cdcd_deinit
 .text.cdcd_reset
                0x100050cc       0x4c CMakeFiles/intellitraffic.dir/C_/Users/heito/.pico-sdk/sdk/2.1.1/lib/tinyusb/src/class/cdc/cdc_device.c.obj
                0x100050cc                cdcd_reset
 .text.cdcd_open
                0x10005118       0xa4 CMakeFiles/intellitraffic.dir/C_/Users/heito/.pico-sdk/sdk/2.1.1/lib/tinyusb/src/class/cdc/cdc_device.c.obj
                0x10005118                cdcd_open
 .text.cdcd_control_xfer_cb
                0x100051bc       0xe8 CMakeFiles/intellitraffic.dir/C_/Users/heito/.pico-sdk/sdk/2.1.1/lib/tinyusb/src/class/cdc/cdc_device.c.obj
                0x100051bc                cdcd_control_xfer_cb
 .text.cdcd_xfer_cb
                0x100052a4      0x100 CMakeFiles/intellitraffic.dir/C_/Users/heito/.pico-sdk/sdk/2.1.1/lib/tinyusb/src/class/cdc/cdc_device.c.obj
                0x100052a4                cdcd_xfer_cb
 .text.vendord_init
                0x100053a4       0x5c CMakeFiles/intellitraffic.dir/C_/Users/heito/.pico-sdk/sdk/2.1.1/lib/tinyusb/src/class/vendor/vendor_device.c.obj
                0x100053a4                vendord_init
 .text.vendord_deinit
                0x10005400       0x1c CMakeFiles/intellitraffic.dir/C_/Users/heito/.pico-sdk/sdk/2.1.1/lib/tinyusb/src/class/vendor/vendor_device.c.obj
                0x10005400                vendord_deinit
 .text.vendord_reset
                0x1000541c       0x28 CMakeFiles/intellitraffic.dir/C_/Users/heito/.pico-sdk/sdk/2.1.1/lib/tinyusb/src/class/vendor/vendor_device.c.obj
                0x1000541c                vendord_reset
 .text.vendord_open
                0x10005444      0x120 CMakeFiles/intellitraffic.dir/C_/Users/heito/.pico-sdk/sdk/2.1.1/lib/tinyusb/src/class/vendor/vendor_device.c.obj
                0x10005444                vendord_open
 .text.vendord_xfer_cb
                0x10005564       0x9c CMakeFiles/intellitraffic.dir/C_/Users/heito/.pico-sdk/sdk/2.1.1/lib/tinyusb/src/class/vendor/vendor_device.c.obj
                0x10005564                vendord_xfer_cb
 .text.tusb_rhport_init
                0x10005600       0x4c CMakeFiles/intellitraffic.dir/C_/Users/heito/.pico-sdk/sdk/2.1.1/lib/tinyusb/src/tusb.c.obj
                0x10005600                tusb_rhport_init
 .text.tu_edpt_claim
                0x1000564c       0x50 CMakeFiles/intellitraffic.dir/C_/Users/heito/.pico-sdk/sdk/2.1.1/lib/tinyusb/src/tusb.c.obj
                0x1000564c                tu_edpt_claim
 .text.tu_edpt_release
                0x1000569c       0x38 CMakeFiles/intellitraffic.dir/C_/Users/heito/.pico-sdk/sdk/2.1.1/lib/tinyusb/src/tusb.c.obj
                0x1000569c                tu_edpt_release
 .text.tu_edpt_validate
                0x100056d4       0x7c CMakeFiles/intellitraffic.dir/C_/Users/heito/.pico-sdk/sdk/2.1.1/lib/tinyusb/src/tusb.c.obj
                0x100056d4                tu_edpt_validate
 .text.tu_edpt_bind_driver
                0x10005750       0x34 CMakeFiles/intellitraffic.dir/C_/Users/heito/.pico-sdk/sdk/2.1.1/lib/tinyusb/src/tusb.c.obj
                0x10005750                tu_edpt_bind_driver
 .text.tu_edpt_stream_init
                0x10005784       0x6c CMakeFiles/intellitraffic.dir/C_/Users/heito/.pico-sdk/sdk/2.1.1/lib/tinyusb/src/tusb.c.obj
                0x10005784                tu_edpt_stream_init
 .text.tu_edpt_stream_deinit
                0x100057f0        0x4 CMakeFiles/intellitraffic.dir/C_/Users/heito/.pico-sdk/sdk/2.1.1/lib/tinyusb/src/tusb.c.obj
                0x100057f0                tu_edpt_stream_deinit
 .text.tu_edpt_stream_write_zlp_if_needed
                0x100057f4       0x68 CMakeFiles/intellitraffic.dir/C_/Users/heito/.pico-sdk/sdk/2.1.1/lib/tinyusb/src/tusb.c.obj
                0x100057f4                tu_edpt_stream_write_zlp_if_needed
 .text.tu_edpt_stream_write_xfer
                0x1000585c       0x68 CMakeFiles/intellitraffic.dir/C_/Users/heito/.pico-sdk/sdk/2.1.1/lib/tinyusb/src/tusb.c.obj
                0x1000585c                tu_edpt_stream_write_xfer
 .text.tu_edpt_stream_read_xfer
                0x100058c4       0xd8 CMakeFiles/intellitraffic.dir/C_/Users/heito/.pico-sdk/sdk/2.1.1/lib/tinyusb/src/tusb.c.obj
                0x100058c4                tu_edpt_stream_read_xfer
 .text.tu_fifo_config
                0x1000599c       0x6c CMakeFiles/intellitraffic.dir/C_/Users/heito/.pico-sdk/sdk/2.1.1/lib/tinyusb/src/common/tusb_fifo.c.obj
                0x1000599c                tu_fifo_config
 .text.tu_fifo_count
                0x10005a08       0x2c CMakeFiles/intellitraffic.dir/C_/Users/heito/.pico-sdk/sdk/2.1.1/lib/tinyusb/src/common/tusb_fifo.c.obj
                0x10005a08                tu_fifo_count
 .text.tu_fifo_empty
                0x10005a34       0x10 CMakeFiles/intellitraffic.dir/C_/Users/heito/.pico-sdk/sdk/2.1.1/lib/tinyusb/src/common/tusb_fifo.c.obj
                0x10005a34                tu_fifo_empty
 .text.tu_fifo_remaining
                0x10005a44       0x2c CMakeFiles/intellitraffic.dir/C_/Users/heito/.pico-sdk/sdk/2.1.1/lib/tinyusb/src/common/tusb_fifo.c.obj
                0x10005a44                tu_fifo_remaining
 .text.tu_fifo_read
                0x10005a70       0x9c CMakeFiles/intellitraffic.dir/C_/Users/heito/.pico-sdk/sdk/2.1.1/lib/tinyusb/src/common/tusb_fifo.c.obj
                0x10005a70                tu_fifo_read
 .text.tu_fifo_read_n
                0x10005b0c       0xe8 CMakeFiles/intellitraffic.dir/C_/Users/heito/.pico-sdk/sdk/2.1.1/lib/tinyusb/src/common/tusb_fifo.c.obj
                0x10005b0c                tu_fifo_read_n
 .text.tu_fifo_write
                0x10005bf4       0xa4 CMakeFiles/intellitraffic.dir/C_/Users/heito/.pico-sdk/sdk/2.1.1/lib/tinyusb/src/common/tusb_fifo.c.obj
                0x10005bf4                tu_fifo_write
 .text.tu_fifo_write_n
                0x10005c98      0x178 CMakeFiles/intellitraffic.dir/C_/Users/heito/.pico-sdk/sdk/2.1.1/lib/tinyusb/src/common/tusb_fifo.c.obj
                0x10005c98                tu_fifo_write_n
 .text.tu_fifo_clear
                0x10005e10       0x40 CMakeFiles/intellitraffic.dir/C_/Users/heito/.pico-sdk/sdk/2.1.1/lib/tinyusb/src/common/tusb_fifo.c.obj
                0x10005e10                tu_fifo_clear
 .text.tu_fifo_set_overwritable
                0x10005e50       0x48 CMakeFiles/intellitraffic.dir/C_/Users/heito/.pico-sdk/sdk/2.1.1/lib/tinyusb/src/common/tusb_fifo.c.obj
                0x10005e50                tu_fifo_set_overwritable
 .text.i2c_write_blocking_internal.constprop.0
                0x10005e98       0xf8 CMakeFiles/intellitraffic.dir/C_/Users/heito/.pico-sdk/sdk/2.1.1/src/rp2_common/hardware_i2c/i2c.c.obj
 .text.i2c_set_baudrate
                0x10005f90       0xc0 CMakeFiles/intellitraffic.dir/C_/Users/heito/.pico-sdk/sdk/2.1.1/src/rp2_common/hardware_i2c/i2c.c.obj
                0x10005f90                i2c_set_baudrate
 .text.i2c_init
                0x10006050       0x50 CMakeFiles/intellitraffic.dir/C_/Users/heito/.pico-sdk/sdk/2.1.1/src/rp2_common/hardware_i2c/i2c.c.obj
                0x10006050                i2c_init
 .text.i2c_write_blocking
                0x100060a0       0x14 CMakeFiles/intellitraffic.dir/C_/Users/heito/.pico-sdk/sdk/2.1.1/src/rp2_common/hardware_i2c/i2c.c.obj
                0x100060a0                i2c_write_blocking
 .text.pio_add_program
                0x100060b4       0xf8 CMakeFiles/intellitraffic.dir/C_/Users/heito/.pico-sdk/sdk/2.1.1/src/rp2_common/hardware_pio/pio.c.obj
                0x100060b4                pio_add_program
 .text.pio_sm_set_consecutive_pindirs
                0x100061ac       0xb4 CMakeFiles/intellitraffic.dir/C_/Users/heito/.pico-sdk/sdk/2.1.1/src/rp2_common/hardware_pio/pio.c.obj
                0x100061ac                pio_sm_set_consecutive_pindirs
 .text.pio_sm_init
                0x10006260       0x9c CMakeFiles/intellitraffic.dir/C_/Users/heito/.pico-sdk/sdk/2.1.1/src/rp2_common/hardware_pio/pio.c.obj
                0x10006260                pio_sm_init
 *fill*         0x100062fc        0x4 
 .text.vPortStartFirstTask
                0x10006300       0x34 CMakeFiles/intellitraffic.dir/C_/FreeRTOS-Kernel/portable/ThirdParty/GCC/RP2040/port.c.obj
 *fill*         0x10006334        0xc 
 .text.xPortPendSVHandler
                0x10006340       0x64 CMakeFiles/intellitraffic.dir/C_/FreeRTOS-Kernel/portable/ThirdParty/GCC/RP2040/port.c.obj
                0x10006340                xPortPendSVHandler
 .text.prvTaskExitError
                0x100063a4        0x8 CMakeFiles/intellitraffic.dir/C_/FreeRTOS-Kernel/portable/ThirdParty/GCC/RP2040/port.c.obj
 .text.prvFIFOInterruptHandler
                0x100063ac       0x78 CMakeFiles/intellitraffic.dir/C_/FreeRTOS-Kernel/portable/ThirdParty/GCC/RP2040/port.c.obj
 .text.vPortSVCHandler
                0x10006424        0x4 CMakeFiles/intellitraffic.dir/C_/FreeRTOS-Kernel/portable/ThirdParty/GCC/RP2040/port.c.obj
                0x10006424                vPortSVCHandler
 .text.pxPortInitialiseStack
                0x10006428       0x20 CMakeFiles/intellitraffic.dir/C_/FreeRTOS-Kernel/portable/ThirdParty/GCC/RP2040/port.c.obj
                0x10006428                pxPortInitialiseStack
 .text.vPortYield
                0x10006448       0x18 CMakeFiles/intellitraffic.dir/C_/FreeRTOS-Kernel/portable/ThirdParty/GCC/RP2040/port.c.obj
                0x10006448                vPortYield
 .text.vPortEnterCritical
                0x10006460       0x18 CMakeFiles/intellitraffic.dir/C_/FreeRTOS-Kernel/portable/ThirdParty/GCC/RP2040/port.c.obj
                0x10006460                vPortEnterCritical
 .text.vPortExitCritical
                0x10006478       0x14 CMakeFiles/intellitraffic.dir/C_/FreeRTOS-Kernel/portable/ThirdParty/GCC/RP2040/port.c.obj
                0x10006478                vPortExitCritical
 .text.ulSetInterruptMaskFromISR
                0x1000648c        0x8 CMakeFiles/intellitraffic.dir/C_/FreeRTOS-Kernel/portable/ThirdParty/GCC/RP2040/port.c.obj
                0x1000648c                ulSetInterruptMaskFromISR
 .text.vClearInterruptMaskFromISR
                0x10006494        0x8 CMakeFiles/intellitraffic.dir/C_/FreeRTOS-Kernel/portable/ThirdParty/GCC/RP2040/port.c.obj
                0x10006494                vClearInterruptMaskFromISR
 .text.xPortSysTickHandler
                0x1000649c       0x24 CMakeFiles/intellitraffic.dir/C_/FreeRTOS-Kernel/portable/ThirdParty/GCC/RP2040/port.c.obj
                0x1000649c                xPortSysTickHandler
 .text.vPortSetupTimerInterrupt
                0x100064c0       0x34 CMakeFiles/intellitraffic.dir/C_/FreeRTOS-Kernel/portable/ThirdParty/GCC/RP2040/port.c.obj
                0x100064c0                vPortSetupTimerInterrupt
 .text.xPortStartScheduler
                0x100064f4       0x9c CMakeFiles/intellitraffic.dir/C_/FreeRTOS-Kernel/portable/ThirdParty/GCC/RP2040/port.c.obj
                0x100064f4                xPortStartScheduler
 .text.ulPortLockGetCurrentOwnerId
                0x10006590       0x2c CMakeFiles/intellitraffic.dir/C_/FreeRTOS-Kernel/portable/ThirdParty/GCC/RP2040/port.c.obj
                0x10006590                ulPortLockGetCurrentOwnerId
 .text.vPortLockInternalSpinUnlockWithWait
                0x100065bc       0x68 CMakeFiles/intellitraffic.dir/C_/FreeRTOS-Kernel/portable/ThirdParty/GCC/RP2040/port.c.obj
                0x100065bc                vPortLockInternalSpinUnlockWithWait
 .text.vPortLockInternalSpinUnlockWithNotify
                0x10006624       0xc8 CMakeFiles/intellitraffic.dir/C_/FreeRTOS-Kernel/portable/ThirdParty/GCC/RP2040/port.c.obj
                0x10006624                vPortLockInternalSpinUnlockWithNotify
 .text.xPortLockInternalSpinUnlockWithBestEffortWaitOrTimeout
                0x100066ec       0xf4 CMakeFiles/intellitraffic.dir/C_/FreeRTOS-Kernel/portable/ThirdParty/GCC/RP2040/port.c.obj
                0x100066ec                xPortLockInternalSpinUnlockWithBestEffortWaitOrTimeout
 .text.startup.prvRuntimeInitializer
                0x100067e0       0x28 CMakeFiles/intellitraffic.dir/C_/FreeRTOS-Kernel/portable/ThirdParty/GCC/RP2040/port.c.obj
 .text.vEventGroupSetBitsCallback
                0x10006808       0x90 CMakeFiles/intellitraffic.dir/C_/FreeRTOS-Kernel/event_groups.c.obj
                0x10006808                vEventGroupSetBitsCallback
 .text.xEventGroupCreate
                0x10006898       0x18 CMakeFiles/intellitraffic.dir/C_/FreeRTOS-Kernel/event_groups.c.obj
                0x10006898                xEventGroupCreate
 .text.xEventGroupWaitBits
                0x100068b0       0xb8 CMakeFiles/intellitraffic.dir/C_/FreeRTOS-Kernel/event_groups.c.obj
                0x100068b0                xEventGroupWaitBits
 .text.xEventGroupSetBits
                0x10006968       0x9c CMakeFiles/intellitraffic.dir/C_/FreeRTOS-Kernel/event_groups.c.obj
                0x10006968                xEventGroupSetBits
 .text.xEventGroupSetBitsFromISR
                0x10006a04       0x18 CMakeFiles/intellitraffic.dir/C_/FreeRTOS-Kernel/event_groups.c.obj
                0x10006a04                xEventGroupSetBitsFromISR
 .text.vListInitialise
                0x10006a1c       0x18 CMakeFiles/intellitraffic.dir/C_/FreeRTOS-Kernel/list.c.obj
                0x10006a1c                vListInitialise
 .text.vListInitialiseItem
                0x10006a34        0x8 CMakeFiles/intellitraffic.dir/C_/FreeRTOS-Kernel/list.c.obj
                0x10006a34                vListInitialiseItem
 .text.vListInsertEnd
                0x10006a3c       0x18 CMakeFiles/intellitraffic.dir/C_/FreeRTOS-Kernel/list.c.obj
                0x10006a3c                vListInsertEnd
 .text.vListInsert
                0x10006a54       0x30 CMakeFiles/intellitraffic.dir/C_/FreeRTOS-Kernel/list.c.obj
                0x10006a54                vListInsert
 .text.uxListRemove
                0x10006a84       0x20 CMakeFiles/intellitraffic.dir/C_/FreeRTOS-Kernel/list.c.obj
                0x10006a84                uxListRemove
 .text.prvUnlockQueue
                0x10006aa4      0x17c CMakeFiles/intellitraffic.dir/C_/FreeRTOS-Kernel/queue.c.obj
 .text.prvNotifyQueueSetContainer
                0x10006c20       0x90 CMakeFiles/intellitraffic.dir/C_/FreeRTOS-Kernel/queue.c.obj
 .text.xQueueGenericCreate
                0x10006cb0       0xa4 CMakeFiles/intellitraffic.dir/C_/FreeRTOS-Kernel/queue.c.obj
                0x10006cb0                xQueueGenericCreate
 .text.xQueueGenericSendFromISR
                0x10006d54      0x150 CMakeFiles/intellitraffic.dir/C_/FreeRTOS-Kernel/queue.c.obj
                0x10006d54                xQueueGenericSendFromISR
 .text.xQueueReceive
                0x10006ea4      0x11c CMakeFiles/intellitraffic.dir/C_/FreeRTOS-Kernel/queue.c.obj
                0x10006ea4                xQueueReceive
 .text.vQueueAddToRegistry
                0x10006fc0      0x118 CMakeFiles/intellitraffic.dir/C_/FreeRTOS-Kernel/queue.c.obj
                0x10006fc0                vQueueAddToRegistry
 .text.vQueueWaitForMessageRestricted
                0x100070d8       0x48 CMakeFiles/intellitraffic.dir/C_/FreeRTOS-Kernel/queue.c.obj
                0x100070d8                vQueueWaitForMessageRestricted
 .text.prvAddNewTaskToReadyList
                0x10007120      0x124 CMakeFiles/intellitraffic.dir/C_/FreeRTOS-Kernel/tasks.c.obj
 .text.prvCreateTask
                0x10007244      0x130 CMakeFiles/intellitraffic.dir/C_/FreeRTOS-Kernel/tasks.c.obj
 .text.prvIdleTask
                0x10007374       0x60 CMakeFiles/intellitraffic.dir/C_/FreeRTOS-Kernel/tasks.c.obj
 .text.xTaskIncrementTick.part.0
                0x100073d4      0x194 CMakeFiles/intellitraffic.dir/C_/FreeRTOS-Kernel/tasks.c.obj
 .text.xTaskCreate
                0x10007568       0x24 CMakeFiles/intellitraffic.dir/C_/FreeRTOS-Kernel/tasks.c.obj
                0x10007568                xTaskCreate
 .text.vTaskDelete
                0x1000758c       0xc0 CMakeFiles/intellitraffic.dir/C_/FreeRTOS-Kernel/tasks.c.obj
                0x1000758c                vTaskDelete
 .text.vTaskStartScheduler
                0x1000764c       0x74 CMakeFiles/intellitraffic.dir/C_/FreeRTOS-Kernel/tasks.c.obj
                0x1000764c                vTaskStartScheduler
 .text.vTaskSuspendAll
                0x100076c0       0x10 CMakeFiles/intellitraffic.dir/C_/FreeRTOS-Kernel/tasks.c.obj
                0x100076c0                vTaskSuspendAll
 .text.xTaskResumeAll
                0x100076d0      0x188 CMakeFiles/intellitraffic.dir/C_/FreeRTOS-Kernel/tasks.c.obj
                0x100076d0                xTaskResumeAll
 .text.xTaskDelayUntil
                0x10007858       0xb4 CMakeFiles/intellitraffic.dir/C_/FreeRTOS-Kernel/tasks.c.obj
                0x10007858                xTaskDelayUntil
 .text.vTaskDelay
                0x1000790c       0x84 CMakeFiles/intellitraffic.dir/C_/FreeRTOS-Kernel/tasks.c.obj
                0x1000790c                vTaskDelay
 .text.xTaskGetTickCount
                0x10007990        0xc CMakeFiles/intellitraffic.dir/C_/FreeRTOS-Kernel/tasks.c.obj
                0x10007990                xTaskGetTickCount
 .text.uxTaskGetNumberOfTasks
                0x1000799c        0xc CMakeFiles/intellitraffic.dir/C_/FreeRTOS-Kernel/tasks.c.obj
                0x1000799c                uxTaskGetNumberOfTasks
 .text.xTaskIncrementTick
                0x100079a8       0x24 CMakeFiles/intellitraffic.dir/C_/FreeRTOS-Kernel/tasks.c.obj
                0x100079a8                xTaskIncrementTick
 .text.vTaskSwitchContext
                0x100079cc       0x7c CMakeFiles/intellitraffic.dir/C_/FreeRTOS-Kernel/tasks.c.obj
                0x100079cc                vTaskSwitchContext
 .text.vTaskPlaceOnEventList
                0x10007a48       0xa0 CMakeFiles/intellitraffic.dir/C_/FreeRTOS-Kernel/tasks.c.obj
                0x10007a48                vTaskPlaceOnEventList
 .text.vTaskPlaceOnUnorderedEventList
                0x10007ae8       0xc4 CMakeFiles/intellitraffic.dir/C_/FreeRTOS-Kernel/tasks.c.obj
                0x10007ae8                vTaskPlaceOnUnorderedEventList
 .text.vTaskPlaceOnEventListRestricted
                0x10007bac       0xf4 CMakeFiles/intellitraffic.dir/C_/FreeRTOS-Kernel/tasks.c.obj
                0x10007bac                vTaskPlaceOnEventListRestricted
 .text.xTaskRemoveFromEventList
                0x10007ca0       0xcc CMakeFiles/intellitraffic.dir/C_/FreeRTOS-Kernel/tasks.c.obj
                0x10007ca0                xTaskRemoveFromEventList
 .text.vTaskRemoveFromUnorderedEventList
                0x10007d6c       0x94 CMakeFiles/intellitraffic.dir/C_/FreeRTOS-Kernel/tasks.c.obj
                0x10007d6c                vTaskRemoveFromUnorderedEventList
 .text.vTaskInternalSetTimeOutState
                0x10007e00       0x18 CMakeFiles/intellitraffic.dir/C_/FreeRTOS-Kernel/tasks.c.obj
                0x10007e00                vTaskInternalSetTimeOutState
 .text.xTaskCheckForTimeOut
                0x10007e18       0x74 CMakeFiles/intellitraffic.dir/C_/FreeRTOS-Kernel/tasks.c.obj
                0x10007e18                xTaskCheckForTimeOut
 .text.vTaskMissedYield
                0x10007e8c        0xc CMakeFiles/intellitraffic.dir/C_/FreeRTOS-Kernel/tasks.c.obj
                0x10007e8c                vTaskMissedYield
 .text.xTaskGetCurrentTaskHandle
                0x10007e98        0xc CMakeFiles/intellitraffic.dir/C_/FreeRTOS-Kernel/tasks.c.obj
                0x10007e98                xTaskGetCurrentTaskHandle
 .text.xTaskPriorityDisinherit
                0x10007ea4       0x64 CMakeFiles/intellitraffic.dir/C_/FreeRTOS-Kernel/tasks.c.obj
                0x10007ea4                xTaskPriorityDisinherit
 .text.uxTaskResetEventItemValue
                0x10007f08       0x18 CMakeFiles/intellitraffic.dir/C_/FreeRTOS-Kernel/tasks.c.obj
                0x10007f08                uxTaskResetEventItemValue
 .text.prvTimerTask
                0x10007f20      0x39c CMakeFiles/intellitraffic.dir/C_/FreeRTOS-Kernel/timers.c.obj
 .text.xTimerCreateTimerTask
                0x100082bc       0x8c CMakeFiles/intellitraffic.dir/C_/FreeRTOS-Kernel/timers.c.obj
                0x100082bc                xTimerCreateTimerTask
 .text.xTimerPendFunctionCallFromISR
                0x10008348       0x2c CMakeFiles/intellitraffic.dir/C_/FreeRTOS-Kernel/timers.c.obj
                0x10008348                xTimerPendFunctionCallFromISR
 .text.exception_set_exclusive_handler
                0x10008374       0x48 CMakeFiles/intellitraffic.dir/C_/Users/heito/.pico-sdk/sdk/2.1.1/src/rp2_common/hardware_exception/exception.c.obj
                0x10008374                exception_set_exclusive_handler
 .text.pvPortMalloc
                0x100083bc      0x124 CMakeFiles/intellitraffic.dir/C_/FreeRTOS-Kernel/portable/MemMang/heap_4.c.obj
                0x100083bc                pvPortMalloc
 .text.vPortFree
                0x100084e0       0x98 CMakeFiles/intellitraffic.dir/C_/FreeRTOS-Kernel/portable/MemMang/heap_4.c.obj
                0x100084e0                vPortFree
 .text.calloc   0x10008578       0x18 C:/Users/heito/.pico-sdk/toolchain/14_2_Rel1/bin/../lib/gcc/arm-none-eabi/14.2.1/thumb/v6-m/nofp\libg.a(libc_a-calloc.o)
                0x10008578                calloc
 .text._calloc_r
                0x10008590       0xa8 C:/Users/heito/.pico-sdk/toolchain/14_2_Rel1/bin/../lib/gcc/arm-none-eabi/14.2.1/thumb/v6-m/nofp\libg.a(libc_a-callocr.o)
                0x10008590                _calloc_r
 .text._malloc_r
                0x10008638      0x5cc C:/Users/heito/.pico-sdk/toolchain/14_2_Rel1/bin/../lib/gcc/arm-none-eabi/14.2.1/thumb/v6-m/nofp\libg.a(libc_a-mallocr.o)
                0x10008638                _malloc_r
 .text.__malloc_lock
                0x10008c04       0x10 C:/Users/heito/.pico-sdk/toolchain/14_2_Rel1/bin/../lib/gcc/arm-none-eabi/14.2.1/thumb/v6-m/nofp\libg.a(libc_a-mlock.o)
                0x10008c04                __malloc_lock
 .text.__malloc_unlock
                0x10008c14       0x10 C:/Users/heito/.pico-sdk/toolchain/14_2_Rel1/bin/../lib/gcc/arm-none-eabi/14.2.1/thumb/v6-m/nofp\libg.a(libc_a-mlock.o)
                0x10008c14                __malloc_unlock
 .text._sbrk_r  0x10008c24       0x24 C:/Users/heito/.pico-sdk/toolchain/14_2_Rel1/bin/../lib/gcc/arm-none-eabi/14.2.1/thumb/v6-m/nofp\libg.a(libc_a-sbrkr.o)
                0x10008c24                _sbrk_r
 .text.__errno  0x10008c48        0xc C:/Users/heito/.pico-sdk/toolchain/14_2_Rel1/bin/../lib/gcc/arm-none-eabi/14.2.1/thumb/v6-m/nofp\libg.a(libc_a-errno.o)
                0x10008c48                __errno
 .text.__retarget_lock_acquire_recursive
                0x10008c54        0x4 C:/Users/heito/.pico-sdk/toolchain/14_2_Rel1/bin/../lib/gcc/arm-none-eabi/14.2.1/thumb/v6-m/nofp\libg.a(libc_a-lock.o)
                0x10008c54                __retarget_lock_acquire_recursive
 .text.__retarget_lock_release_recursive
                0x10008c58        0x4 C:/Users/heito/.pico-sdk/toolchain/14_2_Rel1/bin/../lib/gcc/arm-none-eabi/14.2.1/thumb/v6-m/nofp\libg.a(libc_a-lock.o)
                0x10008c58                __retarget_lock_release_recursive
 .text.sysconf  0x10008c5c       0x1c C:/Users/heito/.pico-sdk/toolchain/14_2_Rel1/bin/../lib/gcc/arm-none-eabi/14.2.1/thumb/v6-m/nofp\libg.a(libc_a-sysconf.o)
                0x10008c5c                sysconf
 .text.strlen   0x10008c78       0x5c C:/Users/heito/.pico-sdk/toolchain/14_2_Rel1/bin/../lib/gcc/arm-none-eabi/14.2.1/thumb/v6-m/nofp\libg.a(libc_a-strlen-stub.o)
                0x10008c78                strlen
 .text._malloc_trim_r
                0x10008cd4       0xb4 C:/Users/heito/.pico-sdk/toolchain/14_2_Rel1/bin/../lib/gcc/arm-none-eabi/14.2.1/thumb/v6-m/nofp\libg.a(libc_a-freer.o)
                0x10008cd4                _malloc_trim_r
 .text._free_r  0x10008d88      0x1f0 C:/Users/heito/.pico-sdk/toolchain/14_2_Rel1/bin/../lib/gcc/arm-none-eabi/14.2.1/thumb/v6-m/nofp\libg.a(libc_a-freer.o)
                0x10008d88                _free_r
 *(.fini)
 .fini          0x10008f78        0x4 C:/Users/heito/.pico-sdk/toolchain/14_2_Rel1/bin/../lib/gcc/arm-none-eabi/14.2.1/thumb/v6-m/nofp/crti.o
                0x10008f78                _fini
 *fill*         0x10008f7c        0x4 
 .fini.__stub   0x10008f80       0xd0 linker stubs
 *crtbegin.o(.ctors)
 *crtbegin?.o(.ctors)
 *(EXCLUDE_FILE(*crtend.o *crtend?.o) .ctors)
 *(SORT_BY_NAME(.ctors.*))
 *(.ctors)
 *crtbegin.o(.dtors)
 *crtbegin?.o(.dtors)
 *(EXCLUDE_FILE(*crtend.o *crtend?.o) .dtors)
 *(SORT_BY_NAME(.dtors.*))
 *(.dtors)
                0x10009050                        . = ALIGN (0x4)
                0x10009050                        PROVIDE (__preinit_array_start = .)
 *(SORT_BY_NAME(.preinit_array.*))
 .preinit_array.00100
                0x10009050        0x4 CMakeFiles/intellitraffic.dir/C_/Users/heito/.pico-sdk/sdk/2.1.1/src/rp2_common/pico_runtime_init/runtime_init.c.obj
                0x10009050                __pre_init_runtime_init_early_resets
 .preinit_array.00101
                0x10009054        0x4 CMakeFiles/intellitraffic.dir/C_/Users/heito/.pico-sdk/sdk/2.1.1/src/rp2_common/pico_runtime_init/runtime_init.c.obj
                0x10009054                __pre_init_runtime_init_usb_power_down
 .preinit_array.00275
                0x10009058        0x4 CMakeFiles/intellitraffic.dir/C_/Users/heito/.pico-sdk/sdk/2.1.1/src/rp2_common/pico_bit_ops/bit_ops_aeabi.S.obj
 .preinit_array.00300
                0x1000905c        0x4 CMakeFiles/intellitraffic.dir/C_/Users/heito/.pico-sdk/sdk/2.1.1/src/rp2_common/pico_mem_ops/mem_ops_aeabi.S.obj
 .preinit_array.00350
                0x10009060        0x4 CMakeFiles/intellitraffic.dir/C_/Users/heito/.pico-sdk/sdk/2.1.1/src/rp2_common/pico_double/double_aeabi_rp2040.S.obj
 .preinit_array.00350
                0x10009064        0x4 CMakeFiles/intellitraffic.dir/C_/Users/heito/.pico-sdk/sdk/2.1.1/src/rp2_common/pico_float/float_aeabi_rp2040.S.obj
 .preinit_array.00500
                0x10009068        0x4 CMakeFiles/intellitraffic.dir/C_/Users/heito/.pico-sdk/sdk/2.1.1/src/rp2_common/pico_runtime_init/runtime_init.c.obj
                0x10009068                __pre_init_runtime_init_clocks
 .preinit_array.00600
                0x1000906c        0x4 CMakeFiles/intellitraffic.dir/C_/Users/heito/.pico-sdk/sdk/2.1.1/src/rp2_common/pico_runtime_init/runtime_init.c.obj
                0x1000906c                __pre_init_runtime_init_post_clock_resets
 .preinit_array.00700
                0x10009070        0x4 CMakeFiles/intellitraffic.dir/C_/Users/heito/.pico-sdk/sdk/2.1.1/src/rp2_common/pico_runtime_init/runtime_init.c.obj
                0x10009070                __pre_init_runtime_init_rp2040_gpio_ie_disable
 .preinit_array.01000
                0x10009074        0x4 CMakeFiles/intellitraffic.dir/C_/Users/heito/.pico-sdk/sdk/2.1.1/src/rp2_common/pico_runtime_init/runtime_init.c.obj
                0x10009074                __pre_init_runtime_init_spin_locks_reset
 .preinit_array.01100
                0x10009078        0x4 CMakeFiles/intellitraffic.dir/C_/Users/heito/.pico-sdk/sdk/2.1.1/src/common/pico_sync/mutex.c.obj
                0x10009078                __pre_init_runtime_init_mutex
 .preinit_array.10080
                0x1000907c        0x4 CMakeFiles/intellitraffic.dir/C_/Users/heito/.pico-sdk/sdk/2.1.1/src/rp2_common/pico_runtime_init/runtime_init.c.obj
                0x1000907c                __pre_init_runtime_init_install_ram_vector_table
 .preinit_array.11000
                0x10009080        0x4 CMakeFiles/intellitraffic.dir/C_/Users/heito/.pico-sdk/sdk/2.1.1/src/common/pico_time/time.c.obj
                0x10009080                __pre_init_runtime_init_default_alarm_pool
 .preinit_array.YYYYY
                0x10009084        0x4 CMakeFiles/intellitraffic.dir/C_/Users/heito/.pico-sdk/sdk/2.1.1/src/rp2_common/pico_runtime/runtime.c.obj
                0x10009084                __pre_init_first_per_core_initializer
 .preinit_array.ZZZZZ.01200
                0x10009088        0x4 CMakeFiles/intellitraffic.dir/C_/Users/heito/.pico-sdk/sdk/2.1.1/src/rp2_common/hardware_irq/irq.c.obj
                0x10009088                __pre_init_runtime_init_per_core_irq_priorities
 *(.preinit_array)
                0x1000908c                        PROVIDE (__preinit_array_end = .)
                0x1000908c                        . = ALIGN (0x4)
                0x1000908c                        PROVIDE (__init_array_start = .)
 *(SORT_BY_NAME(.init_array.*))
 *(.init_array)
 .init_array    0x1000908c        0x4 C:/Users/heito/.pico-sdk/toolchain/14_2_Rel1/bin/../lib/gcc/arm-none-eabi/14.2.1/thumb/v6-m/nofp/crtbegin.o
 .init_array    0x10009090        0x4 CMakeFiles/intellitraffic.dir/C_/Users/heito/.pico-sdk/sdk/2.1.1/src/rp2_common/pico_unique_id/unique_id.c.obj
 .init_array    0x10009094        0x4 CMakeFiles/intellitraffic.dir/C_/FreeRTOS-Kernel/portable/ThirdParty/GCC/RP2040/port.c.obj
                0x10009098                        PROVIDE (__init_array_end = .)
                0x10009098                        . = ALIGN (0x4)
                [!provide]                        PROVIDE (__fini_array_start = .)
 *(SORT_BY_NAME(.fini_array.*))
 *(.fini_array)
                [!provide]                        PROVIDE (__fini_array_end = .)
 *(.eh_frame*)
 .eh_frame      0x10009098        0x0 C:/Users/heito/.pico-sdk/toolchain/14_2_Rel1/bin/../lib/gcc/arm-none-eabi/14.2.1/thumb/v6-m/nofp/crtbegin.o
                0x10009098                        . = ALIGN (0x4)

.glue_7         0x10009098        0x0
 .glue_7        0x10009098        0x0 linker stubs

.glue_7t        0x10009098        0x0
 .glue_7t       0x10009098        0x0 linker stubs

.vfp11_veneer   0x10009098        0x0
 .vfp11_veneer  0x10009098        0x0 linker stubs

.v4_bx          0x10009098        0x0
 .v4_bx         0x10009098        0x0 linker stubs

.iplt           0x10009098        0x0
 .iplt          0x10009098        0x0 C:/Users/heito/.pico-sdk/toolchain/14_2_Rel1/bin/../lib/gcc/arm-none-eabi/14.2.1/thumb/v6-m/nofp/crtbegin.o

.rodata         0x10009098     0x3c2c
 *(EXCLUDE_FILE(*libm.a: *libc.a:*lib_a-mem*.o *libgcc.a:) .rodata*)
 .rodata.adicionar_texto_informativo.str1.4
                0x10009098      0x228 CMakeFiles/intellitraffic.dir/intellitraffic.c.obj
                                 0x48 (size before relaxing)
 .rodata.tela_inicial.str1.4
                0x100092c0       0x16 CMakeFiles/intellitraffic.dir/intellitraffic.c.obj
 .rodata.vStartupTask.str1.4
                0x100092c0       0x22 CMakeFiles/intellitraffic.dir/intellitraffic.c.obj
 .rodata.main.str1.4
                0x100092c0        0x8 CMakeFiles/intellitraffic.dir/intellitraffic.c.obj
 .rodata.CSWTCH.127
                0x100092c0        0x3 CMakeFiles/intellitraffic.dir/intellitraffic.c.obj
 *fill*         0x100092c3        0x1 
 .rodata.CSWTCH.126
                0x100092c4        0x3 CMakeFiles/intellitraffic.dir/intellitraffic.c.obj
 *fill*         0x100092c7        0x1 
 .rodata.ws2812_program
                0x100092c8        0x8 CMakeFiles/intellitraffic.dir/intellitraffic.c.obj
 .rodata.ws2812_program_instructions
                0x100092d0        0x8 CMakeFiles/intellitraffic.dir/intellitraffic.c.obj
 .rodata        0x100092d8       0x10 CMakeFiles/intellitraffic.dir/intellitraffic.c.obj
 .rodata.font   0x100092e8      0x2f8 CMakeFiles/intellitraffic.dir/lib/ssd1306.c.obj
 .rodata.epd_bitmap_startTwo
                0x100095e0      0x400 CMakeFiles/intellitraffic.dir/lib/bitmap.c.obj
                0x100095e0                epd_bitmap_startTwo
 .rodata.epd_bitmap_startThree
                0x100099e0      0x400 CMakeFiles/intellitraffic.dir/lib/bitmap.c.obj
                0x100099e0                epd_bitmap_startThree
 .rodata.epd_bitmap_startPress
                0x10009de0      0x400 CMakeFiles/intellitraffic.dir/lib/bitmap.c.obj
                0x10009de0                epd_bitmap_startPress
 .rodata.epd_bitmap_startOne
                0x1000a1e0      0x400 CMakeFiles/intellitraffic.dir/lib/bitmap.c.obj
                0x1000a1e0                epd_bitmap_startOne
 .rodata.epd_bitmap_startFour
                0x1000a5e0      0x400 CMakeFiles/intellitraffic.dir/lib/bitmap.c.obj
                0x1000a5e0                epd_bitmap_startFour
 .rodata.epd_bitmap_noturnoTwo
                0x1000a9e0      0x400 CMakeFiles/intellitraffic.dir/lib/bitmap.c.obj
                0x1000a9e0                epd_bitmap_noturnoTwo
 .rodata.epd_bitmap_noturnoOne
                0x1000ade0      0x400 CMakeFiles/intellitraffic.dir/lib/bitmap.c.obj
                0x1000ade0                epd_bitmap_noturnoOne
 .rodata.epd_bitmap_sinalSStop
                0x1000b1e0      0x400 CMakeFiles/intellitraffic.dir/lib/bitmap.c.obj
                0x1000b1e0                epd_bitmap_sinalSStop
 .rodata.epd_bitmap_sinalPass
                0x1000b5e0      0x400 CMakeFiles/intellitraffic.dir/lib/bitmap.c.obj
                0x1000b5e0                epd_bitmap_sinalPass
 .rodata.epd_bitmap_sinal
                0x1000b9e0      0x400 CMakeFiles/intellitraffic.dir/lib/bitmap.c.obj
                0x1000b9e0                epd_bitmap_sinal
 .rodata.epd_bitmap_blindThree
                0x1000bde0      0x400 CMakeFiles/intellitraffic.dir/lib/bitmap.c.obj
                0x1000bde0                epd_bitmap_blindThree
 .rodata.epd_bitmap_blindTwo
                0x1000c1e0      0x400 CMakeFiles/intellitraffic.dir/lib/bitmap.c.obj
                0x1000c1e0                epd_bitmap_blindTwo
 .rodata.epd_bitmap_blindOne
                0x1000c5e0      0x400 CMakeFiles/intellitraffic.dir/lib/bitmap.c.obj
                0x1000c5e0                epd_bitmap_blindOne
 .rodata.panic.str1.4
                0x1000c9e0       0x12 CMakeFiles/intellitraffic.dir/C_/Users/heito/.pico-sdk/sdk/2.1.1/src/rp2_common/pico_platform_panic/panic.c.obj
 .rodata.panic_unsupported.str1.4
                0x1000c9e0        0xe CMakeFiles/intellitraffic.dir/C_/Users/heito/.pico-sdk/sdk/2.1.1/src/rp2_common/pico_platform_panic/panic.c.obj
 .rodata.spin_lock_claim_unused.str1.4
                0x1000c9e0       0x1b CMakeFiles/intellitraffic.dir/C_/Users/heito/.pico-sdk/sdk/2.1.1/src/rp2_common/hardware_sync/sync.c.obj
 .rodata.user_irq_claim_unused.str1.4
                0x1000c9e0       0x1b CMakeFiles/intellitraffic.dir/C_/Users/heito/.pico-sdk/sdk/2.1.1/src/rp2_common/hardware_irq/irq.c.obj
 .rodata.timer_hardware_alarm_claim.str1.4
                0x1000c9e0       0x22 CMakeFiles/intellitraffic.dir/C_/Users/heito/.pico-sdk/sdk/2.1.1/src/rp2_common/hardware_timer/timer.c.obj
 .rodata.hard_assertion_failure.str1.4
                0x1000c9e0        0xc CMakeFiles/intellitraffic.dir/C_/Users/heito/.pico-sdk/sdk/2.1.1/src/rp2_common/pico_runtime/runtime.c.obj
 .rodata.missing_double_func_shim.str1.4
                0x1000c9e0       0x18 CMakeFiles/intellitraffic.dir/C_/Users/heito/.pico-sdk/sdk/2.1.1/src/rp2_common/pico_double/double_init_rom_rp2040.c.obj
 .rodata.missing_float_func_shim.str1.4
                0x1000c9e0        0x1 CMakeFiles/intellitraffic.dir/C_/Users/heito/.pico-sdk/sdk/2.1.1/src/rp2_common/pico_float/float_init_rom_rp2040.c.obj
 .rodata.__wrap_malloc.str1.4
                0x1000c9e0        0xe CMakeFiles/intellitraffic.dir/C_/Users/heito/.pico-sdk/sdk/2.1.1/src/rp2_common/pico_malloc/malloc.c.obj
 .rodata.str1.4
                0x1000c9e0       0x44 CMakeFiles/intellitraffic.dir/C_/Users/heito/.pico-sdk/sdk/2.1.1/src/rp2_common/pico_standard_binary_info/standard_binary_info.c.obj
 .rodata.__bi_84
                0x1000c9e0        0xc CMakeFiles/intellitraffic.dir/C_/Users/heito/.pico-sdk/sdk/2.1.1/src/rp2_common/pico_standard_binary_info/standard_binary_info.c.obj
 .rodata.__bi_78
                0x1000c9ec        0xc CMakeFiles/intellitraffic.dir/C_/Users/heito/.pico-sdk/sdk/2.1.1/src/rp2_common/pico_standard_binary_info/standard_binary_info.c.obj
 .rodata.__bi_54
                0x1000c9f8        0xc CMakeFiles/intellitraffic.dir/C_/Users/heito/.pico-sdk/sdk/2.1.1/src/rp2_common/pico_standard_binary_info/standard_binary_info.c.obj
 .rodata.__bi_48
                0x1000ca04        0xc CMakeFiles/intellitraffic.dir/C_/Users/heito/.pico-sdk/sdk/2.1.1/src/rp2_common/pico_standard_binary_info/standard_binary_info.c.obj
 .rodata.__bi_42
                0x1000ca10        0xc CMakeFiles/intellitraffic.dir/C_/Users/heito/.pico-sdk/sdk/2.1.1/src/rp2_common/pico_standard_binary_info/standard_binary_info.c.obj
 .rodata.__bi_34
                0x1000ca1c        0xc CMakeFiles/intellitraffic.dir/C_/Users/heito/.pico-sdk/sdk/2.1.1/src/rp2_common/pico_standard_binary_info/standard_binary_info.c.obj
 .rodata.__bi_26
                0x1000ca28        0xc CMakeFiles/intellitraffic.dir/C_/Users/heito/.pico-sdk/sdk/2.1.1/src/rp2_common/pico_standard_binary_info/standard_binary_info.c.obj
 .rodata.crlf_str.0
                0x1000ca34        0x2 CMakeFiles/intellitraffic.dir/C_/Users/heito/.pico-sdk/sdk/2.1.1/src/rp2_common/pico_stdio/stdio.c.obj
 *fill*         0x1000ca36        0x2 
 .rodata._resetd_driver
                0x1000ca38       0x20 CMakeFiles/intellitraffic.dir/C_/Users/heito/.pico-sdk/sdk/2.1.1/src/rp2_common/pico_stdio_usb/reset_interface.c.obj
 .rodata.desc_ms_os_20
                0x1000ca58       0xa6 CMakeFiles/intellitraffic.dir/C_/Users/heito/.pico-sdk/sdk/2.1.1/src/rp2_common/pico_stdio_usb/reset_interface.c.obj
 *fill*         0x1000cafe        0x2 
 .rodata.desc_bos
                0x1000cb00       0x21 CMakeFiles/intellitraffic.dir/C_/Users/heito/.pico-sdk/sdk/2.1.1/src/rp2_common/pico_stdio_usb/reset_interface.c.obj
                0x1000cb00                desc_bos
 .rodata.str1.4
                0x1000cb21       0x13 CMakeFiles/intellitraffic.dir/C_/Users/heito/.pico-sdk/sdk/2.1.1/src/rp2_common/pico_stdio_usb/stdio_usb.c.obj
 *fill*         0x1000cb21        0x3 
 .rodata.__bi_197.0
                0x1000cb24        0xc CMakeFiles/intellitraffic.dir/C_/Users/heito/.pico-sdk/sdk/2.1.1/src/rp2_common/pico_stdio_usb/stdio_usb.c.obj
 .rodata.str1.4
                0x1000cb30       0x2a CMakeFiles/intellitraffic.dir/C_/Users/heito/.pico-sdk/sdk/2.1.1/src/rp2_common/pico_stdio_usb/stdio_usb_descriptors.c.obj
 .rodata.usbd_desc_str
                0x1000cb30       0x18 CMakeFiles/intellitraffic.dir/C_/Users/heito/.pico-sdk/sdk/2.1.1/src/rp2_common/pico_stdio_usb/stdio_usb_descriptors.c.obj
 .rodata.usbd_desc_cfg
                0x1000cb48       0x54 CMakeFiles/intellitraffic.dir/C_/Users/heito/.pico-sdk/sdk/2.1.1/src/rp2_common/pico_stdio_usb/stdio_usb_descriptors.c.obj
 .rodata.usbd_desc_device
                0x1000cb9c       0x12 CMakeFiles/intellitraffic.dir/C_/Users/heito/.pico-sdk/sdk/2.1.1/src/rp2_common/pico_stdio_usb/stdio_usb_descriptors.c.obj
 .rodata.str1.4
                0x1000cbae       0x14 CMakeFiles/intellitraffic.dir/C_/Users/heito/.pico-sdk/sdk/2.1.1/lib/tinyusb/src/portable/raspberrypi/rp2040/dcd_rp2040.c.obj
 .rodata.str1.4
                0x1000cbae       0x48 CMakeFiles/intellitraffic.dir/C_/Users/heito/.pico-sdk/sdk/2.1.1/lib/tinyusb/src/portable/raspberrypi/rp2040/rp2040_usb.c.obj
 *fill*         0x1000cbae        0x2 
 .rodata.tud_task_ext
                0x1000cbb0       0x8c CMakeFiles/intellitraffic.dir/C_/Users/heito/.pico-sdk/sdk/2.1.1/lib/tinyusb/src/device/usbd.c.obj
 .rodata        0x1000cc3c       0x1c CMakeFiles/intellitraffic.dir/C_/Users/heito/.pico-sdk/sdk/2.1.1/lib/tinyusb/src/device/usbd.c.obj
 .rodata._usbd_driver
                0x1000cc58       0x40 CMakeFiles/intellitraffic.dir/C_/Users/heito/.pico-sdk/sdk/2.1.1/lib/tinyusb/src/device/usbd.c.obj
 .rodata.uxTopUsedPriority
                0x1000cc98        0x4 CMakeFiles/intellitraffic.dir/C_/FreeRTOS-Kernel/tasks.c.obj
 .rodata.prvTimerTask
                0x1000cc9c       0x28 CMakeFiles/intellitraffic.dir/C_/FreeRTOS-Kernel/timers.c.obj
 .rodata.xTimerCreateTimerTask.str1.4
                0x1000ccc4       0x10 CMakeFiles/intellitraffic.dir/C_/FreeRTOS-Kernel/timers.c.obj
                0x1000ccd4                        . = ALIGN (0x4)
 *(SORT_BY_ALIGNMENT(SORT_BY_NAME(.flashdata*)))
                0x1000ccd4                        . = ALIGN (0x4)

.ARM.extab
 *(.ARM.extab* .gnu.linkonce.armextab.*)
                0x1000ccc4                        __exidx_start = .

.ARM.exidx
 *(.ARM.exidx* .gnu.linkonce.armexidx.*)
                0x1000ccc4                        __exidx_end = .
                0x1000ccd4                        . = ALIGN (0x4)
                0x1000ccc4                        __binary_info_start = .

.binary_info    0x1000ccc4       0x20
 *(.binary_info.keep.*)
 .binary_info.keep.__bi_ptr84
                0x1000ccc4        0x4 CMakeFiles/intellitraffic.dir/C_/Users/heito/.pico-sdk/sdk/2.1.1/src/rp2_common/pico_standard_binary_info/standard_binary_info.c.obj
 .binary_info.keep.__bi_ptr78
                0x1000ccc8        0x4 CMakeFiles/intellitraffic.dir/C_/Users/heito/.pico-sdk/sdk/2.1.1/src/rp2_common/pico_standard_binary_info/standard_binary_info.c.obj
 .binary_info.keep.__bi_ptr54
                0x1000cccc        0x4 CMakeFiles/intellitraffic.dir/C_/Users/heito/.pico-sdk/sdk/2.1.1/src/rp2_common/pico_standard_binary_info/standard_binary_info.c.obj
 .binary_info.keep.__bi_ptr48
                0x1000ccd0        0x4 CMakeFiles/intellitraffic.dir/C_/Users/heito/.pico-sdk/sdk/2.1.1/src/rp2_common/pico_standard_binary_info/standard_binary_info.c.obj
 .binary_info.keep.__bi_ptr42
                0x1000ccd4        0x4 CMakeFiles/intellitraffic.dir/C_/Users/heito/.pico-sdk/sdk/2.1.1/src/rp2_common/pico_standard_binary_info/standard_binary_info.c.obj
 .binary_info.keep.__bi_ptr34
                0x1000ccd8        0x4 CMakeFiles/intellitraffic.dir/C_/Users/heito/.pico-sdk/sdk/2.1.1/src/rp2_common/pico_standard_binary_info/standard_binary_info.c.obj
 .binary_info.keep.__bi_ptr26
                0x1000ccdc        0x4 CMakeFiles/intellitraffic.dir/C_/Users/heito/.pico-sdk/sdk/2.1.1/src/rp2_common/pico_standard_binary_info/standard_binary_info.c.obj
 *(.binary_info.*)
 .binary_info.__bi_ptr197
                0x1000cce0        0x4 CMakeFiles/intellitraffic.dir/C_/Users/heito/.pico-sdk/sdk/2.1.1/src/rp2_common/pico_stdio_usb/stdio_usb.c.obj
                0x1000cce4                        __binary_info_end = .

.rel.dyn        0x1000cce4        0x0
 .rel.iplt      0x1000cce4        0x0 C:/Users/heito/.pico-sdk/toolchain/14_2_Rel1/bin/../lib/gcc/arm-none-eabi/14.2.1/thumb/v6-m/nofp/crtbegin.o
                0x1000cce4                        . = ALIGN (0x4)

.ram_vector_table
                0x20000000       0xc0
 *(.ram_vector_table)
 .ram_vector_table
                0x20000000       0xc0 CMakeFiles/intellitraffic.dir/C_/Users/heito/.pico-sdk/sdk/2.1.1/src/rp2_common/pico_runtime_init/runtime_init.c.obj
                0x20000000                ram_vector_table

.uninitialized_data
                0x200000c0        0x0
                0x200000c0                        . = ALIGN (0x4)
 *(.uninitialized_data*)

.data           0x200000c0     0x1568 load address 0x1000cce4
                0x200000c0                        __data_start__ = .
 *(vtable)
 *(.time_critical*)
 .time_critical.mutex_enter_blocking
                0x200000c0       0x3c CMakeFiles/intellitraffic.dir/C_/Users/heito/.pico-sdk/sdk/2.1.1/src/common/pico_sync/mutex.c.obj
                0x200000c0                mutex_enter_blocking
 .time_critical.mutex_try_enter
                0x200000fc       0x40 CMakeFiles/intellitraffic.dir/C_/Users/heito/.pico-sdk/sdk/2.1.1/src/common/pico_sync/mutex.c.obj
                0x200000fc                mutex_try_enter
 .time_critical.mutex_try_enter_block_until
                0x2000013c       0xa0 CMakeFiles/intellitraffic.dir/C_/Users/heito/.pico-sdk/sdk/2.1.1/src/common/pico_sync/mutex.c.obj
                0x2000013c                mutex_try_enter_block_until
 .time_critical.mutex_enter_timeout_ms
                0x200001dc       0x74 CMakeFiles/intellitraffic.dir/C_/Users/heito/.pico-sdk/sdk/2.1.1/src/common/pico_sync/mutex.c.obj
                0x200001dc                mutex_enter_timeout_ms
 .time_critical.mutex_exit
                0x20000250       0x20 CMakeFiles/intellitraffic.dir/C_/Users/heito/.pico-sdk/sdk/2.1.1/src/common/pico_sync/mutex.c.obj
                0x20000250                mutex_exit
 .time_critical.flash_init_boot2_copyout
                0x20000270       0x30 CMakeFiles/intellitraffic.dir/C_/Users/heito/.pico-sdk/sdk/2.1.1/src/rp2_common/hardware_flash/flash.c.obj
 .time_critical.flash_enable_xip_via_boot2
                0x200002a0        0xc CMakeFiles/intellitraffic.dir/C_/Users/heito/.pico-sdk/sdk/2.1.1/src/rp2_common/hardware_flash/flash.c.obj
 .time_critical.flash_cs_force
                0x200002ac       0x38 CMakeFiles/intellitraffic.dir/C_/Users/heito/.pico-sdk/sdk/2.1.1/src/rp2_common/hardware_flash/flash.c.obj
 .time_critical.flash_do_cmd
                0x200002e4      0x130 CMakeFiles/intellitraffic.dir/C_/Users/heito/.pico-sdk/sdk/2.1.1/src/rp2_common/hardware_flash/flash.c.obj
                0x200002e4                flash_do_cmd
 .time_critical.reset_non_control_endpoints
                0x20000414       0x68 CMakeFiles/intellitraffic.dir/C_/Users/heito/.pico-sdk/sdk/2.1.1/lib/tinyusb/src/portable/raspberrypi/rp2040/dcd_rp2040.c.obj
 .time_critical.hw_handle_buff_status
                0x2000047c       0xa0 CMakeFiles/intellitraffic.dir/C_/Users/heito/.pico-sdk/sdk/2.1.1/lib/tinyusb/src/portable/raspberrypi/rp2040/dcd_rp2040.c.obj
 .time_critical.dcd_rp2040_irq
                0x2000051c      0x548 CMakeFiles/intellitraffic.dir/C_/Users/heito/.pico-sdk/sdk/2.1.1/lib/tinyusb/src/portable/raspberrypi/rp2040/dcd_rp2040.c.obj
 .time_critical.prepare_ep_buffer
                0x20000a64       0xc8 CMakeFiles/intellitraffic.dir/C_/Users/heito/.pico-sdk/sdk/2.1.1/lib/tinyusb/src/portable/raspberrypi/rp2040/rp2040_usb.c.obj
 .time_critical.sync_ep_buffer
                0x20000b2c       0x9c CMakeFiles/intellitraffic.dir/C_/Users/heito/.pico-sdk/sdk/2.1.1/lib/tinyusb/src/portable/raspberrypi/rp2040/rp2040_usb.c.obj
 .time_critical._hw_endpoint_xfer_sync
                0x20000bc8       0x28 CMakeFiles/intellitraffic.dir/C_/Users/heito/.pico-sdk/sdk/2.1.1/lib/tinyusb/src/portable/raspberrypi/rp2040/rp2040_usb.c.obj
 .time_critical.e15_is_bulkin_ep
                0x20000bf0       0x28 CMakeFiles/intellitraffic.dir/C_/Users/heito/.pico-sdk/sdk/2.1.1/lib/tinyusb/src/portable/raspberrypi/rp2040/rp2040_usb.c.obj
 .time_critical.e15_is_critical_frame_period
                0x20000c18       0x34 CMakeFiles/intellitraffic.dir/C_/Users/heito/.pico-sdk/sdk/2.1.1/lib/tinyusb/src/portable/raspberrypi/rp2040/rp2040_usb.c.obj
 .time_critical.hw_endpoint_reset_transfer
                0x20000c4c        0xc CMakeFiles/intellitraffic.dir/C_/Users/heito/.pico-sdk/sdk/2.1.1/lib/tinyusb/src/portable/raspberrypi/rp2040/rp2040_usb.c.obj
                0x20000c4c                hw_endpoint_reset_transfer
 .time_critical._hw_endpoint_buffer_control_update32
                0x20000c58       0x50 CMakeFiles/intellitraffic.dir/C_/Users/heito/.pico-sdk/sdk/2.1.1/lib/tinyusb/src/portable/raspberrypi/rp2040/rp2040_usb.c.obj
                0x20000c58                _hw_endpoint_buffer_control_update32
 .time_critical.hw_endpoint_start_next_buffer
                0x20000ca8       0x68 CMakeFiles/intellitraffic.dir/C_/Users/heito/.pico-sdk/sdk/2.1.1/lib/tinyusb/src/portable/raspberrypi/rp2040/rp2040_usb.c.obj
                0x20000ca8                hw_endpoint_start_next_buffer
 .time_critical.hw_endpoint_xfer_continue
                0x20000d10       0x40 CMakeFiles/intellitraffic.dir/C_/Users/heito/.pico-sdk/sdk/2.1.1/lib/tinyusb/src/portable/raspberrypi/rp2040/rp2040_usb.c.obj
                0x20000d10                hw_endpoint_xfer_continue
 .time_critical.tinyusb
                0x20000d50      0x1e4 CMakeFiles/intellitraffic.dir/C_/Users/heito/.pico-sdk/sdk/2.1.1/lib/tinyusb/src/device/usbd.c.obj
                0x20000d50                dcd_event_handler
 *(.text*)
 .text          0x20000f34        0x4 C:/Users/heito/.pico-sdk/toolchain/14_2_Rel1/bin/../lib/gcc/arm-none-eabi/14.2.1/thumb/v6-m/nofp\libgcc.a(_dvmd_tls.o)